Archive member included because of file (symbol)

c:/freescale/kds_2.0.0/toolchain/bin/../lib/gcc/arm-none-eabi/4.8.0/../../../../arm-none-eabi/lib\libg_s.a(lib_a-atexit.o)
                              c:/freescale/kds_2.0.0/toolchain/bin/../lib/gcc/arm-none-eabi/4.8.0/../../../../arm-none-eabi/lib/crt0.o (atexit)
c:/freescale/kds_2.0.0/toolchain/bin/../lib/gcc/arm-none-eabi/4.8.0/../../../../arm-none-eabi/lib\libg_s.a(lib_a-exit.o)
                              c:/freescale/kds_2.0.0/toolchain/bin/../lib/gcc/arm-none-eabi/4.8.0/../../../../arm-none-eabi/lib/crt0.o (exit)
c:/freescale/kds_2.0.0/toolchain/bin/../lib/gcc/arm-none-eabi/4.8.0/../../../../arm-none-eabi/lib\libg_s.a(lib_a-fini.o)
                              c:/freescale/kds_2.0.0/toolchain/bin/../lib/gcc/arm-none-eabi/4.8.0/../../../../arm-none-eabi/lib\libg_s.a(lib_a-exit.o) (__libc_fini_array)
c:/freescale/kds_2.0.0/toolchain/bin/../lib/gcc/arm-none-eabi/4.8.0/../../../../arm-none-eabi/lib\libg_s.a(lib_a-impure.o)
                              c:/freescale/kds_2.0.0/toolchain/bin/../lib/gcc/arm-none-eabi/4.8.0/../../../../arm-none-eabi/lib\libg_s.a(lib_a-exit.o) (_global_impure_ptr)
c:/freescale/kds_2.0.0/toolchain/bin/../lib/gcc/arm-none-eabi/4.8.0/../../../../arm-none-eabi/lib\libg_s.a(lib_a-memset.o)
                              c:/freescale/kds_2.0.0/toolchain/bin/../lib/gcc/arm-none-eabi/4.8.0/../../../../arm-none-eabi/lib/crt0.o (memset)
c:/freescale/kds_2.0.0/toolchain/bin/../lib/gcc/arm-none-eabi/4.8.0/../../../../arm-none-eabi/lib\libg_s.a(lib_a-syscalls.o)
                              c:/freescale/kds_2.0.0/toolchain/bin/../lib/gcc/arm-none-eabi/4.8.0/../../../../arm-none-eabi/lib\libg_s.a(lib_a-exit.o) (_exit)
c:/freescale/kds_2.0.0/toolchain/bin/../lib/gcc/arm-none-eabi/4.8.0/../../../../arm-none-eabi/lib\libg_s.a(lib_a-__atexit.o)
                              c:/freescale/kds_2.0.0/toolchain/bin/../lib/gcc/arm-none-eabi/4.8.0/../../../../arm-none-eabi/lib\libg_s.a(lib_a-atexit.o) (__do_register_exitproc)
c:/freescale/kds_2.0.0/toolchain/bin/../lib/gcc/arm-none-eabi/4.8.0/../../../../arm-none-eabi/lib\libg_s.a(lib_a-__call_atexit.o)
                              c:/freescale/kds_2.0.0/toolchain/bin/../lib/gcc/arm-none-eabi/4.8.0/../../../../arm-none-eabi/lib\libg_s.a(lib_a-__atexit.o) (__call_exitprocs)
c:/freescale/kds_2.0.0/toolchain/bin/../lib/gcc/arm-none-eabi/4.8.0/../../../../arm-none-eabi/lib\libg_s.a(lib_a-errno.o)
                              c:/freescale/kds_2.0.0/toolchain/bin/../lib/gcc/arm-none-eabi/4.8.0/../../../../arm-none-eabi/lib\libg_s.a(lib_a-syscalls.o) (__errno)
c:/freescale/kds_2.0.0/toolchain/bin/../lib/gcc/arm-none-eabi/4.8.0/../../../../arm-none-eabi/lib\libg_s.a(lib_a-malloc.o)
                              c:/freescale/kds_2.0.0/toolchain/bin/../lib/gcc/arm-none-eabi/4.8.0/../../../../arm-none-eabi/lib\libg_s.a(lib_a-__atexit.o) (malloc)
c:/freescale/kds_2.0.0/toolchain/bin/../lib/gcc/arm-none-eabi/4.8.0/../../../../arm-none-eabi/lib\libg_s.a(lib_a-mallocr.o)
                              c:/freescale/kds_2.0.0/toolchain/bin/../lib/gcc/arm-none-eabi/4.8.0/../../../../arm-none-eabi/lib\libg_s.a(lib_a-malloc.o) (_malloc_r)
c:/freescale/kds_2.0.0/toolchain/bin/../lib/gcc/arm-none-eabi/4.8.0/../../../../arm-none-eabi/lib\libg_s.a(lib_a-sbrkr.o)
                              c:/freescale/kds_2.0.0/toolchain/bin/../lib/gcc/arm-none-eabi/4.8.0/../../../../arm-none-eabi/lib\libg_s.a(lib_a-mallocr.o) (_sbrk_r)
c:/freescale/kds_2.0.0/toolchain/bin/../lib/gcc/arm-none-eabi/4.8.0/../../../../arm-none-eabi/lib\libg_s.a(lib_a-strlen.o)
                              c:/freescale/kds_2.0.0/toolchain/bin/../lib/gcc/arm-none-eabi/4.8.0/../../../../arm-none-eabi/lib\libg_s.a(lib_a-syscalls.o) (strlen)
c:/freescale/kds_2.0.0/toolchain/bin/../lib/gcc/arm-none-eabi/4.8.0/../../../../arm-none-eabi/lib\libg_s.a(lib_a-freer.o)
                              c:/freescale/kds_2.0.0/toolchain/bin/../lib/gcc/arm-none-eabi/4.8.0/../../../../arm-none-eabi/lib\libg_s.a(lib_a-malloc.o) (_free_r)
c:/freescale/kds_2.0.0/toolchain/bin/../lib/gcc/arm-none-eabi/4.8.0/../../../../arm-none-eabi/lib\libg_s.a(lib_a-reent.o)
                              c:/freescale/kds_2.0.0/toolchain/bin/../lib/gcc/arm-none-eabi/4.8.0/../../../../arm-none-eabi/lib\libg_s.a(lib_a-sbrkr.o) (errno)

Allocating common symbols
Common symbol       size              file

errno               0x4               c:/freescale/kds_2.0.0/toolchain/bin/../lib/gcc/arm-none-eabi/4.8.0/../../../../arm-none-eabi/lib\libg_s.a(lib_a-reent.o)
umsegundo           0x4               ./Sources/main.o
usbrecebido         0x4               ./Sources/main.o
transmitido         0x4               ./Sources/main.o
usbtransmitido      0x4               ./Sources/main.o
recebido            0x4               ./Sources/main.o
SR_reg              0x1               ./Generated_Code/Cpu.o

Discarded input sections

 .text          0x00000000        0x0 c:/freescale/kds_2.0.0/toolchain/bin/../lib/gcc/arm-none-eabi/4.8.0/crti.o
 .data          0x00000000        0x0 c:/freescale/kds_2.0.0/toolchain/bin/../lib/gcc/arm-none-eabi/4.8.0/crti.o
 .bss           0x00000000        0x0 c:/freescale/kds_2.0.0/toolchain/bin/../lib/gcc/arm-none-eabi/4.8.0/crti.o
 .text          0x00000000        0x0 c:/freescale/kds_2.0.0/toolchain/bin/../lib/gcc/arm-none-eabi/4.8.0/crtbegin.o
 .data          0x00000000        0x0 c:/freescale/kds_2.0.0/toolchain/bin/../lib/gcc/arm-none-eabi/4.8.0/crtbegin.o
 .bss           0x00000000        0x0 c:/freescale/kds_2.0.0/toolchain/bin/../lib/gcc/arm-none-eabi/4.8.0/crtbegin.o
 .data.__dso_handle
                0x00000000        0x4 c:/freescale/kds_2.0.0/toolchain/bin/../lib/gcc/arm-none-eabi/4.8.0/crtbegin.o
 .text          0x00000000       0xf4 c:/freescale/kds_2.0.0/toolchain/bin/../lib/gcc/arm-none-eabi/4.8.0/../../../../arm-none-eabi/lib/crt0.o
 .data          0x00000000        0x0 c:/freescale/kds_2.0.0/toolchain/bin/../lib/gcc/arm-none-eabi/4.8.0/../../../../arm-none-eabi/lib/crt0.o
 .bss           0x00000000        0x0 c:/freescale/kds_2.0.0/toolchain/bin/../lib/gcc/arm-none-eabi/4.8.0/../../../../arm-none-eabi/lib/crt0.o
 .comment       0x00000000       0x2b c:/freescale/kds_2.0.0/toolchain/bin/../lib/gcc/arm-none-eabi/4.8.0/../../../../arm-none-eabi/lib/crt0.o
 .ARM.attributes
                0x00000000       0x31 c:/freescale/kds_2.0.0/toolchain/bin/../lib/gcc/arm-none-eabi/4.8.0/../../../../arm-none-eabi/lib/crt0.o
 .group         0x00000000        0x8 ./Sources/Events.o
 .group         0x00000000        0x8 ./Sources/Events.o
 .group         0x00000000        0x8 ./Sources/Events.o
 .group         0x00000000        0x8 ./Sources/Events.o
 .group         0x00000000        0x8 ./Sources/Events.o
 .group         0x00000000        0x8 ./Sources/Events.o
 .group         0x00000000        0x8 ./Sources/Events.o
 .group         0x00000000        0x8 ./Sources/Events.o
 .group         0x00000000        0x8 ./Sources/Events.o
 .group         0x00000000        0x8 ./Sources/Events.o
 .group         0x00000000        0x8 ./Sources/Events.o
 .group         0x00000000        0x8 ./Sources/Events.o
 .group         0x00000000        0x8 ./Sources/Events.o
 .group         0x00000000        0x8 ./Sources/Events.o
 .group         0x00000000        0x8 ./Sources/Events.o
 .group         0x00000000        0x8 ./Sources/Events.o
 .group         0x00000000        0x8 ./Sources/Events.o
 .text          0x00000000        0x0 ./Sources/Events.o
 .data          0x00000000        0x0 ./Sources/Events.o
 .bss           0x00000000        0x0 ./Sources/Events.o
 .group         0x00000000        0x8 ./Sources/main.o
 .group         0x00000000        0x8 ./Sources/main.o
 .group         0x00000000        0x8 ./Sources/main.o
 .group         0x00000000        0x8 ./Sources/main.o
 .group         0x00000000        0x8 ./Sources/main.o
 .group         0x00000000        0x8 ./Sources/main.o
 .group         0x00000000        0x8 ./Sources/main.o
 .group         0x00000000        0x8 ./Sources/main.o
 .group         0x00000000        0x8 ./Sources/main.o
 .group         0x00000000        0x8 ./Sources/main.o
 .group         0x00000000        0x8 ./Sources/main.o
 .group         0x00000000        0x8 ./Sources/main.o
 .group         0x00000000        0x8 ./Sources/main.o
 .group         0x00000000        0x8 ./Sources/main.o
 .group         0x00000000        0x8 ./Sources/main.o
 .group         0x00000000        0x8 ./Sources/main.o
 .group         0x00000000        0x8 ./Sources/main.o
 .group         0x00000000        0x8 ./Sources/main.o
 .group         0x00000000        0x8 ./Sources/main.o
 .group         0x00000000        0x8 ./Sources/main.o
 .group         0x00000000        0x8 ./Sources/main.o
 .group         0x00000000        0x8 ./Sources/main.o
 .group         0x00000000        0x8 ./Sources/main.o
 .group         0x00000000        0x8 ./Sources/main.o
 .group         0x00000000        0x8 ./Sources/main.o
 .group         0x00000000        0x8 ./Sources/main.o
 .group         0x00000000        0x8 ./Sources/main.o
 .group         0x00000000        0x8 ./Sources/main.o
 .group         0x00000000        0x8 ./Sources/main.o
 .group         0x00000000        0x8 ./Sources/main.o
 .group         0x00000000        0x8 ./Sources/main.o
 .group         0x00000000        0x8 ./Sources/main.o
 .group         0x00000000        0x8 ./Sources/main.o
 .text          0x00000000        0x0 ./Sources/main.o
 .data          0x00000000        0x0 ./Sources/main.o
 .bss           0x00000000        0x0 ./Sources/main.o
 .debug_macro   0x00000000      0x802 ./Sources/main.o
 .debug_macro   0x00000000      0x214 ./Sources/main.o
 .debug_macro   0x00000000     0x1592 ./Sources/main.o
 .debug_macro   0x00000000      0x14e ./Sources/main.o
 .debug_macro   0x00000000       0x64 ./Sources/main.o
 .debug_macro   0x00000000     0x5f60 ./Sources/main.o
 .debug_macro   0x00000000       0x94 ./Sources/main.o
 .debug_macro   0x00000000       0x94 ./Sources/main.o
 .debug_macro   0x00000000      0x12b ./Sources/main.o
 .debug_macro   0x00000000       0x34 ./Sources/main.o
 .debug_macro   0x00000000       0x11 ./Sources/main.o
 .debug_macro   0x00000000       0x34 ./Sources/main.o
 .debug_macro   0x00000000       0x34 ./Sources/main.o
 .debug_macro   0x00000000       0x3c ./Sources/main.o
 .debug_macro   0x00000000       0x57 ./Sources/main.o
 .debug_macro   0x00000000      0x25a ./Sources/main.o
 .debug_macro   0x00000000       0x50 ./Sources/main.o
 .group         0x00000000        0x8 ./Project_Settings/Startup_Code/startup.o
 .group         0x00000000        0x8 ./Project_Settings/Startup_Code/startup.o
 .group         0x00000000        0x8 ./Project_Settings/Startup_Code/startup.o
 .group         0x00000000        0x8 ./Project_Settings/Startup_Code/startup.o
 .group         0x00000000        0x8 ./Project_Settings/Startup_Code/startup.o
 .group         0x00000000        0x8 ./Project_Settings/Startup_Code/startup.o
 .group         0x00000000        0x8 ./Project_Settings/Startup_Code/startup.o
 .group         0x00000000        0x8 ./Project_Settings/Startup_Code/startup.o
 .group         0x00000000        0x8 ./Project_Settings/Startup_Code/startup.o
 .group         0x00000000        0x8 ./Project_Settings/Startup_Code/startup.o
 .group         0x00000000        0x8 ./Project_Settings/Startup_Code/startup.o
 .group         0x00000000        0x8 ./Project_Settings/Startup_Code/startup.o
 .group         0x00000000        0x8 ./Project_Settings/Startup_Code/startup.o
 .group         0x00000000        0x8 ./Project_Settings/Startup_Code/startup.o
 .group         0x00000000        0x8 ./Project_Settings/Startup_Code/startup.o
 .text          0x00000000        0x0 ./Project_Settings/Startup_Code/startup.o
 .data          0x00000000        0x0 ./Project_Settings/Startup_Code/startup.o
 .bss           0x00000000        0x0 ./Project_Settings/Startup_Code/startup.o
 .text.__init_hardware
                0x00000000        0x8 ./Project_Settings/Startup_Code/startup.o
 .text.__iar_program_start
                0x00000000        0xc ./Project_Settings/Startup_Code/startup.o
 .debug_macro   0x00000000      0x802 ./Project_Settings/Startup_Code/startup.o
 .debug_macro   0x00000000       0x2e ./Project_Settings/Startup_Code/startup.o
 .debug_macro   0x00000000       0x2e ./Project_Settings/Startup_Code/startup.o
 .debug_macro   0x00000000       0x95 ./Project_Settings/Startup_Code/startup.o
 .debug_macro   0x00000000       0x3a ./Project_Settings/Startup_Code/startup.o
 .debug_macro   0x00000000       0x52 ./Project_Settings/Startup_Code/startup.o
 .debug_macro   0x00000000       0x19 ./Project_Settings/Startup_Code/startup.o
 .debug_macro   0x00000000      0x16d ./Project_Settings/Startup_Code/startup.o
 .debug_macro   0x00000000       0x89 ./Project_Settings/Startup_Code/startup.o
 .debug_macro   0x00000000      0x214 ./Project_Settings/Startup_Code/startup.o
 .group         0x00000000        0x8 ./Generated_Code/BitIoLdd1.o
 .group         0x00000000        0x8 ./Generated_Code/BitIoLdd1.o
 .group         0x00000000        0x8 ./Generated_Code/BitIoLdd1.o
 .group         0x00000000        0x8 ./Generated_Code/BitIoLdd1.o
 .group         0x00000000        0x8 ./Generated_Code/BitIoLdd1.o
 .group         0x00000000        0x8 ./Generated_Code/BitIoLdd1.o
 .group         0x00000000        0x8 ./Generated_Code/BitIoLdd1.o
 .group         0x00000000        0x8 ./Generated_Code/BitIoLdd1.o
 .group         0x00000000        0x8 ./Generated_Code/BitIoLdd1.o
 .group         0x00000000        0x8 ./Generated_Code/BitIoLdd1.o
 .text          0x00000000        0x0 ./Generated_Code/BitIoLdd1.o
 .data          0x00000000        0x0 ./Generated_Code/BitIoLdd1.o
 .bss           0x00000000        0x0 ./Generated_Code/BitIoLdd1.o
 .text.BitIoLdd1_SetVal
                0x00000000       0x1c ./Generated_Code/BitIoLdd1.o
 .debug_macro   0x00000000      0x802 ./Generated_Code/BitIoLdd1.o
 .debug_macro   0x00000000      0x214 ./Generated_Code/BitIoLdd1.o
 .debug_macro   0x00000000     0x1592 ./Generated_Code/BitIoLdd1.o
 .debug_macro   0x00000000      0x14e ./Generated_Code/BitIoLdd1.o
 .debug_macro   0x00000000       0x64 ./Generated_Code/BitIoLdd1.o
 .debug_macro   0x00000000     0x5f60 ./Generated_Code/BitIoLdd1.o
 .debug_macro   0x00000000       0x94 ./Generated_Code/BitIoLdd1.o
 .debug_macro   0x00000000      0x12b ./Generated_Code/BitIoLdd1.o
 .debug_macro   0x00000000       0x34 ./Generated_Code/BitIoLdd1.o
 .group         0x00000000        0x8 ./Generated_Code/BitIoLdd2.o
 .group         0x00000000        0x8 ./Generated_Code/BitIoLdd2.o
 .group         0x00000000        0x8 ./Generated_Code/BitIoLdd2.o
 .group         0x00000000        0x8 ./Generated_Code/BitIoLdd2.o
 .group         0x00000000        0x8 ./Generated_Code/BitIoLdd2.o
 .group         0x00000000        0x8 ./Generated_Code/BitIoLdd2.o
 .group         0x00000000        0x8 ./Generated_Code/BitIoLdd2.o
 .group         0x00000000        0x8 ./Generated_Code/BitIoLdd2.o
 .group         0x00000000        0x8 ./Generated_Code/BitIoLdd2.o
 .group         0x00000000        0x8 ./Generated_Code/BitIoLdd2.o
 .text          0x00000000        0x0 ./Generated_Code/BitIoLdd2.o
 .data          0x00000000        0x0 ./Generated_Code/BitIoLdd2.o
 .bss           0x00000000        0x0 ./Generated_Code/BitIoLdd2.o
 .debug_macro   0x00000000      0x802 ./Generated_Code/BitIoLdd2.o
 .debug_macro   0x00000000      0x214 ./Generated_Code/BitIoLdd2.o
 .debug_macro   0x00000000     0x1592 ./Generated_Code/BitIoLdd2.o
 .debug_macro   0x00000000      0x14e ./Generated_Code/BitIoLdd2.o
 .debug_macro   0x00000000       0x64 ./Generated_Code/BitIoLdd2.o
 .debug_macro   0x00000000     0x5f60 ./Generated_Code/BitIoLdd2.o
 .debug_macro   0x00000000       0x94 ./Generated_Code/BitIoLdd2.o
 .debug_macro   0x00000000      0x12b ./Generated_Code/BitIoLdd2.o
 .debug_macro   0x00000000       0x9a ./Generated_Code/BitIoLdd2.o
 .group         0x00000000        0x8 ./Generated_Code/BitIoLdd3.o
 .group         0x00000000        0x8 ./Generated_Code/BitIoLdd3.o
 .group         0x00000000        0x8 ./Generated_Code/BitIoLdd3.o
 .group         0x00000000        0x8 ./Generated_Code/BitIoLdd3.o
 .group         0x00000000        0x8 ./Generated_Code/BitIoLdd3.o
 .group         0x00000000        0x8 ./Generated_Code/BitIoLdd3.o
 .group         0x00000000        0x8 ./Generated_Code/BitIoLdd3.o
 .group         0x00000000        0x8 ./Generated_Code/BitIoLdd3.o
 .group         0x00000000        0x8 ./Generated_Code/BitIoLdd3.o
 .group         0x00000000        0x8 ./Generated_Code/BitIoLdd3.o
 .text          0x00000000        0x0 ./Generated_Code/BitIoLdd3.o
 .data          0x00000000        0x0 ./Generated_Code/BitIoLdd3.o
 .bss           0x00000000        0x0 ./Generated_Code/BitIoLdd3.o
 .debug_macro   0x00000000      0x802 ./Generated_Code/BitIoLdd3.o
 .debug_macro   0x00000000      0x214 ./Generated_Code/BitIoLdd3.o
 .debug_macro   0x00000000     0x1592 ./Generated_Code/BitIoLdd3.o
 .debug_macro   0x00000000      0x14e ./Generated_Code/BitIoLdd3.o
 .debug_macro   0x00000000       0x64 ./Generated_Code/BitIoLdd3.o
 .debug_macro   0x00000000     0x5f60 ./Generated_Code/BitIoLdd3.o
 .debug_macro   0x00000000       0x94 ./Generated_Code/BitIoLdd3.o
 .debug_macro   0x00000000      0x12b ./Generated_Code/BitIoLdd3.o
 .debug_macro   0x00000000       0x9a ./Generated_Code/BitIoLdd3.o
 .group         0x00000000        0x8 ./Generated_Code/Cpu.o
 .group         0x00000000        0x8 ./Generated_Code/Cpu.o
 .group         0x00000000        0x8 ./Generated_Code/Cpu.o
 .group         0x00000000        0x8 ./Generated_Code/Cpu.o
 .group         0x00000000        0x8 ./Generated_Code/Cpu.o
 .group         0x00000000        0x8 ./Generated_Code/Cpu.o
 .group         0x00000000        0x8 ./Generated_Code/Cpu.o
 .group         0x00000000        0x8 ./Generated_Code/Cpu.o
 .group         0x00000000        0x8 ./Generated_Code/Cpu.o
 .group         0x00000000        0x8 ./Generated_Code/Cpu.o
 .group         0x00000000        0x8 ./Generated_Code/Cpu.o
 .group         0x00000000        0x8 ./Generated_Code/Cpu.o
 .group         0x00000000        0x8 ./Generated_Code/Cpu.o
 .group         0x00000000        0x8 ./Generated_Code/Cpu.o
 .group         0x00000000        0x8 ./Generated_Code/Cpu.o
 .group         0x00000000        0x8 ./Generated_Code/Cpu.o
 .group         0x00000000        0x8 ./Generated_Code/Cpu.o
 .text          0x00000000        0x0 ./Generated_Code/Cpu.o
 .data          0x00000000        0x0 ./Generated_Code/Cpu.o
 .bss           0x00000000        0x0 ./Generated_Code/Cpu.o
 .debug_macro   0x00000000      0x802 ./Generated_Code/Cpu.o
 .debug_macro   0x00000000      0x214 ./Generated_Code/Cpu.o
 .debug_macro   0x00000000     0x1592 ./Generated_Code/Cpu.o
 .debug_macro   0x00000000      0x14e ./Generated_Code/Cpu.o
 .debug_macro   0x00000000       0x64 ./Generated_Code/Cpu.o
 .debug_macro   0x00000000     0x5f60 ./Generated_Code/Cpu.o
 .debug_macro   0x00000000       0x94 ./Generated_Code/Cpu.o
 .debug_macro   0x00000000      0x12b ./Generated_Code/Cpu.o
 .debug_macro   0x00000000       0x9a ./Generated_Code/Cpu.o
 .debug_macro   0x00000000       0x34 ./Generated_Code/Cpu.o
 .debug_macro   0x00000000       0x11 ./Generated_Code/Cpu.o
 .debug_macro   0x00000000       0x34 ./Generated_Code/Cpu.o
 .debug_macro   0x00000000       0x34 ./Generated_Code/Cpu.o
 .debug_macro   0x00000000       0x3c ./Generated_Code/Cpu.o
 .debug_macro   0x00000000       0x57 ./Generated_Code/Cpu.o
 .debug_macro   0x00000000      0x25a ./Generated_Code/Cpu.o
 .debug_macro   0x00000000       0x50 ./Generated_Code/Cpu.o
 .group         0x00000000        0x8 ./Generated_Code/I2C_ACCEL.o
 .group         0x00000000        0x8 ./Generated_Code/I2C_ACCEL.o
 .group         0x00000000        0x8 ./Generated_Code/I2C_ACCEL.o
 .group         0x00000000        0x8 ./Generated_Code/I2C_ACCEL.o
 .group         0x00000000        0x8 ./Generated_Code/I2C_ACCEL.o
 .group         0x00000000        0x8 ./Generated_Code/I2C_ACCEL.o
 .group         0x00000000        0x8 ./Generated_Code/I2C_ACCEL.o
 .group         0x00000000        0x8 ./Generated_Code/I2C_ACCEL.o
 .group         0x00000000        0x8 ./Generated_Code/I2C_ACCEL.o
 .group         0x00000000        0x8 ./Generated_Code/I2C_ACCEL.o
 .group         0x00000000        0x8 ./Generated_Code/I2C_ACCEL.o
 .group         0x00000000        0x8 ./Generated_Code/I2C_ACCEL.o
 .group         0x00000000        0x8 ./Generated_Code/I2C_ACCEL.o
 .group         0x00000000        0x8 ./Generated_Code/I2C_ACCEL.o
 .group         0x00000000        0x8 ./Generated_Code/I2C_ACCEL.o
 .group         0x00000000        0x8 ./Generated_Code/I2C_ACCEL.o
 .group         0x00000000        0x8 ./Generated_Code/I2C_ACCEL.o
 .group         0x00000000        0x8 ./Generated_Code/I2C_ACCEL.o
 .group         0x00000000        0x8 ./Generated_Code/I2C_ACCEL.o
 .text          0x00000000        0x0 ./Generated_Code/I2C_ACCEL.o
 .data          0x00000000        0x0 ./Generated_Code/I2C_ACCEL.o
 .bss           0x00000000        0x0 ./Generated_Code/I2C_ACCEL.o
 .debug_macro   0x00000000      0x802 ./Generated_Code/I2C_ACCEL.o
 .debug_macro   0x00000000      0x214 ./Generated_Code/I2C_ACCEL.o
 .debug_macro   0x00000000     0x1592 ./Generated_Code/I2C_ACCEL.o
 .debug_macro   0x00000000      0x14e ./Generated_Code/I2C_ACCEL.o
 .debug_macro   0x00000000       0x64 ./Generated_Code/I2C_ACCEL.o
 .debug_macro   0x00000000     0x5f60 ./Generated_Code/I2C_ACCEL.o
 .debug_macro   0x00000000       0x94 ./Generated_Code/I2C_ACCEL.o
 .debug_macro   0x00000000      0x12b ./Generated_Code/I2C_ACCEL.o
 .debug_macro   0x00000000       0x9a ./Generated_Code/I2C_ACCEL.o
 .debug_macro   0x00000000       0x34 ./Generated_Code/I2C_ACCEL.o
 .debug_macro   0x00000000       0x11 ./Generated_Code/I2C_ACCEL.o
 .debug_macro   0x00000000       0x34 ./Generated_Code/I2C_ACCEL.o
 .debug_macro   0x00000000       0x34 ./Generated_Code/I2C_ACCEL.o
 .debug_macro   0x00000000       0x3c ./Generated_Code/I2C_ACCEL.o
 .debug_macro   0x00000000       0x57 ./Generated_Code/I2C_ACCEL.o
 .debug_macro   0x00000000      0x25a ./Generated_Code/I2C_ACCEL.o
 .debug_macro   0x00000000       0x50 ./Generated_Code/I2C_ACCEL.o
 .group         0x00000000        0x8 ./Generated_Code/LEDRGB_BLUE.o
 .group         0x00000000        0x8 ./Generated_Code/LEDRGB_BLUE.o
 .group         0x00000000        0x8 ./Generated_Code/LEDRGB_BLUE.o
 .group         0x00000000        0x8 ./Generated_Code/LEDRGB_BLUE.o
 .group         0x00000000        0x8 ./Generated_Code/LEDRGB_BLUE.o
 .group         0x00000000        0x8 ./Generated_Code/LEDRGB_BLUE.o
 .group         0x00000000        0x8 ./Generated_Code/LEDRGB_BLUE.o
 .group         0x00000000        0x8 ./Generated_Code/LEDRGB_BLUE.o
 .group         0x00000000        0x8 ./Generated_Code/LEDRGB_BLUE.o
 .group         0x00000000        0x8 ./Generated_Code/LEDRGB_BLUE.o
 .text          0x00000000        0x0 ./Generated_Code/LEDRGB_BLUE.o
 .data          0x00000000        0x0 ./Generated_Code/LEDRGB_BLUE.o
 .bss           0x00000000        0x0 ./Generated_Code/LEDRGB_BLUE.o
 .debug_info    0x00000000       0x7d ./Generated_Code/LEDRGB_BLUE.o
 .debug_abbrev  0x00000000       0x29 ./Generated_Code/LEDRGB_BLUE.o
 .debug_aranges
                0x00000000       0x18 ./Generated_Code/LEDRGB_BLUE.o
 .debug_macro   0x00000000       0x98 ./Generated_Code/LEDRGB_BLUE.o
 .debug_macro   0x00000000      0x802 ./Generated_Code/LEDRGB_BLUE.o
 .debug_macro   0x00000000      0x214 ./Generated_Code/LEDRGB_BLUE.o
 .debug_macro   0x00000000     0x1592 ./Generated_Code/LEDRGB_BLUE.o
 .debug_macro   0x00000000      0x14e ./Generated_Code/LEDRGB_BLUE.o
 .debug_macro   0x00000000       0x64 ./Generated_Code/LEDRGB_BLUE.o
 .debug_macro   0x00000000     0x5f60 ./Generated_Code/LEDRGB_BLUE.o
 .debug_macro   0x00000000       0x94 ./Generated_Code/LEDRGB_BLUE.o
 .debug_macro   0x00000000      0x12b ./Generated_Code/LEDRGB_BLUE.o
 .debug_macro   0x00000000       0x9a ./Generated_Code/LEDRGB_BLUE.o
 .debug_macro   0x00000000       0x2e ./Generated_Code/LEDRGB_BLUE.o
 .debug_line    0x00000000      0x1e3 ./Generated_Code/LEDRGB_BLUE.o
 .debug_str     0x00000000    0x2a7ae ./Generated_Code/LEDRGB_BLUE.o
 .comment       0x00000000       0x2b ./Generated_Code/LEDRGB_BLUE.o
 .ARM.attributes
                0x00000000       0x32 ./Generated_Code/LEDRGB_BLUE.o
 .group         0x00000000        0x8 ./Generated_Code/LEDRGB_GREEN.o
 .group         0x00000000        0x8 ./Generated_Code/LEDRGB_GREEN.o
 .group         0x00000000        0x8 ./Generated_Code/LEDRGB_GREEN.o
 .group         0x00000000        0x8 ./Generated_Code/LEDRGB_GREEN.o
 .group         0x00000000        0x8 ./Generated_Code/LEDRGB_GREEN.o
 .group         0x00000000        0x8 ./Generated_Code/LEDRGB_GREEN.o
 .group         0x00000000        0x8 ./Generated_Code/LEDRGB_GREEN.o
 .group         0x00000000        0x8 ./Generated_Code/LEDRGB_GREEN.o
 .group         0x00000000        0x8 ./Generated_Code/LEDRGB_GREEN.o
 .group         0x00000000        0x8 ./Generated_Code/LEDRGB_GREEN.o
 .group         0x00000000        0x8 ./Generated_Code/LEDRGB_GREEN.o
 .text          0x00000000        0x0 ./Generated_Code/LEDRGB_GREEN.o
 .data          0x00000000        0x0 ./Generated_Code/LEDRGB_GREEN.o
 .bss           0x00000000        0x0 ./Generated_Code/LEDRGB_GREEN.o
 .debug_info    0x00000000       0x7d ./Generated_Code/LEDRGB_GREEN.o
 .debug_abbrev  0x00000000       0x29 ./Generated_Code/LEDRGB_GREEN.o
 .debug_aranges
                0x00000000       0x18 ./Generated_Code/LEDRGB_GREEN.o
 .debug_macro   0x00000000       0x97 ./Generated_Code/LEDRGB_GREEN.o
 .debug_macro   0x00000000      0x802 ./Generated_Code/LEDRGB_GREEN.o
 .debug_macro   0x00000000      0x214 ./Generated_Code/LEDRGB_GREEN.o
 .debug_macro   0x00000000     0x1592 ./Generated_Code/LEDRGB_GREEN.o
 .debug_macro   0x00000000      0x14e ./Generated_Code/LEDRGB_GREEN.o
 .debug_macro   0x00000000       0x64 ./Generated_Code/LEDRGB_GREEN.o
 .debug_macro   0x00000000     0x5f60 ./Generated_Code/LEDRGB_GREEN.o
 .debug_macro   0x00000000       0x94 ./Generated_Code/LEDRGB_GREEN.o
 .debug_macro   0x00000000      0x12b ./Generated_Code/LEDRGB_GREEN.o
 .debug_macro   0x00000000       0x9a ./Generated_Code/LEDRGB_GREEN.o
 .debug_macro   0x00000000       0x34 ./Generated_Code/LEDRGB_GREEN.o
 .debug_macro   0x00000000       0x11 ./Generated_Code/LEDRGB_GREEN.o
 .debug_line    0x00000000      0x1e5 ./Generated_Code/LEDRGB_GREEN.o
 .debug_str     0x00000000    0x2a817 ./Generated_Code/LEDRGB_GREEN.o
 .comment       0x00000000       0x2b ./Generated_Code/LEDRGB_GREEN.o
 .ARM.attributes
                0x00000000       0x32 ./Generated_Code/LEDRGB_GREEN.o
 .group         0x00000000        0x8 ./Generated_Code/LEDRGB_RED.o
 .group         0x00000000        0x8 ./Generated_Code/LEDRGB_RED.o
 .group         0x00000000        0x8 ./Generated_Code/LEDRGB_RED.o
 .group         0x00000000        0x8 ./Generated_Code/LEDRGB_RED.o
 .group         0x00000000        0x8 ./Generated_Code/LEDRGB_RED.o
 .group         0x00000000        0x8 ./Generated_Code/LEDRGB_RED.o
 .group         0x00000000        0x8 ./Generated_Code/LEDRGB_RED.o
 .group         0x00000000        0x8 ./Generated_Code/LEDRGB_RED.o
 .group         0x00000000        0x8 ./Generated_Code/LEDRGB_RED.o
 .group         0x00000000        0x8 ./Generated_Code/LEDRGB_RED.o
 .text          0x00000000        0x0 ./Generated_Code/LEDRGB_RED.o
 .data          0x00000000        0x0 ./Generated_Code/LEDRGB_RED.o
 .bss           0x00000000        0x0 ./Generated_Code/LEDRGB_RED.o
 .debug_info    0x00000000       0x7d ./Generated_Code/LEDRGB_RED.o
 .debug_abbrev  0x00000000       0x29 ./Generated_Code/LEDRGB_RED.o
 .debug_aranges
                0x00000000       0x18 ./Generated_Code/LEDRGB_RED.o
 .debug_macro   0x00000000       0x98 ./Generated_Code/LEDRGB_RED.o
 .debug_macro   0x00000000      0x802 ./Generated_Code/LEDRGB_RED.o
 .debug_macro   0x00000000      0x214 ./Generated_Code/LEDRGB_RED.o
 .debug_macro   0x00000000     0x1592 ./Generated_Code/LEDRGB_RED.o
 .debug_macro   0x00000000      0x14e ./Generated_Code/LEDRGB_RED.o
 .debug_macro   0x00000000       0x64 ./Generated_Code/LEDRGB_RED.o
 .debug_macro   0x00000000     0x5f60 ./Generated_Code/LEDRGB_RED.o
 .debug_macro   0x00000000       0x94 ./Generated_Code/LEDRGB_RED.o
 .debug_macro   0x00000000      0x12b ./Generated_Code/LEDRGB_RED.o
 .debug_macro   0x00000000       0x9a ./Generated_Code/LEDRGB_RED.o
 .debug_macro   0x00000000       0x2e ./Generated_Code/LEDRGB_RED.o
 .debug_line    0x00000000      0x1e1 ./Generated_Code/LEDRGB_RED.o
 .debug_str     0x00000000    0x2a7b1 ./Generated_Code/LEDRGB_RED.o
 .comment       0x00000000       0x2b ./Generated_Code/LEDRGB_RED.o
 .ARM.attributes
                0x00000000       0x32 ./Generated_Code/LEDRGB_RED.o
 .group         0x00000000        0x8 ./Generated_Code/PE_LDD.o
 .group         0x00000000        0x8 ./Generated_Code/PE_LDD.o
 .group         0x00000000        0x8 ./Generated_Code/PE_LDD.o
 .group         0x00000000        0x8 ./Generated_Code/PE_LDD.o
 .group         0x00000000        0x8 ./Generated_Code/PE_LDD.o
 .group         0x00000000        0x8 ./Generated_Code/PE_LDD.o
 .group         0x00000000        0x8 ./Generated_Code/PE_LDD.o
 .group         0x00000000        0x8 ./Generated_Code/PE_LDD.o
 .group         0x00000000        0x8 ./Generated_Code/PE_LDD.o
 .group         0x00000000        0x8 ./Generated_Code/PE_LDD.o
 .group         0x00000000        0x8 ./Generated_Code/PE_LDD.o
 .group         0x00000000        0x8 ./Generated_Code/PE_LDD.o
 .group         0x00000000        0x8 ./Generated_Code/PE_LDD.o
 .group         0x00000000        0x8 ./Generated_Code/PE_LDD.o
 .group         0x00000000        0x8 ./Generated_Code/PE_LDD.o
 .group         0x00000000        0x8 ./Generated_Code/PE_LDD.o
 .group         0x00000000        0x8 ./Generated_Code/PE_LDD.o
 .text          0x00000000        0x0 ./Generated_Code/PE_LDD.o
 .data          0x00000000        0x0 ./Generated_Code/PE_LDD.o
 .bss           0x00000000        0x0 ./Generated_Code/PE_LDD.o
 .rodata.PE_CpuClockConfigurations
                0x00000000       0x28 ./Generated_Code/PE_LDD.o
 .text.PE_FillMemory
                0x00000000       0x24 ./Generated_Code/PE_LDD.o
 .text.PE_PeripheralUsed
                0x00000000       0x68 ./Generated_Code/PE_LDD.o
 .text.LDD_SetClockConfiguration
                0x00000000       0x14 ./Generated_Code/PE_LDD.o
 .debug_macro   0x00000000      0x802 ./Generated_Code/PE_LDD.o
 .debug_macro   0x00000000      0x214 ./Generated_Code/PE_LDD.o
 .debug_macro   0x00000000     0x1592 ./Generated_Code/PE_LDD.o
 .debug_macro   0x00000000      0x14e ./Generated_Code/PE_LDD.o
 .debug_macro   0x00000000       0x64 ./Generated_Code/PE_LDD.o
 .debug_macro   0x00000000     0x5f60 ./Generated_Code/PE_LDD.o
 .debug_macro   0x00000000       0x94 ./Generated_Code/PE_LDD.o
 .debug_macro   0x00000000      0x12b ./Generated_Code/PE_LDD.o
 .debug_macro   0x00000000       0x9a ./Generated_Code/PE_LDD.o
 .debug_macro   0x00000000       0x34 ./Generated_Code/PE_LDD.o
 .debug_macro   0x00000000       0x11 ./Generated_Code/PE_LDD.o
 .debug_macro   0x00000000       0x34 ./Generated_Code/PE_LDD.o
 .debug_macro   0x00000000       0x34 ./Generated_Code/PE_LDD.o
 .debug_macro   0x00000000       0x3c ./Generated_Code/PE_LDD.o
 .debug_macro   0x00000000       0x57 ./Generated_Code/PE_LDD.o
 .debug_macro   0x00000000      0x25a ./Generated_Code/PE_LDD.o
 .debug_macro   0x00000000       0x50 ./Generated_Code/PE_LDD.o
 .group         0x00000000        0x8 ./Generated_Code/TU1.o
 .group         0x00000000        0x8 ./Generated_Code/TU1.o
 .group         0x00000000        0x8 ./Generated_Code/TU1.o
 .group         0x00000000        0x8 ./Generated_Code/TU1.o
 .group         0x00000000        0x8 ./Generated_Code/TU1.o
 .group         0x00000000        0x8 ./Generated_Code/TU1.o
 .group         0x00000000        0x8 ./Generated_Code/TU1.o
 .group         0x00000000        0x8 ./Generated_Code/TU1.o
 .group         0x00000000        0x8 ./Generated_Code/TU1.o
 .group         0x00000000        0x8 ./Generated_Code/TU1.o
 .group         0x00000000        0x8 ./Generated_Code/TU1.o
 .group         0x00000000        0x8 ./Generated_Code/TU1.o
 .group         0x00000000        0x8 ./Generated_Code/TU1.o
 .group         0x00000000        0x8 ./Generated_Code/TU1.o
 .group         0x00000000        0x8 ./Generated_Code/TU1.o
 .group         0x00000000        0x8 ./Generated_Code/TU1.o
 .group         0x00000000        0x8 ./Generated_Code/TU1.o
 .text          0x00000000        0x0 ./Generated_Code/TU1.o
 .data          0x00000000        0x0 ./Generated_Code/TU1.o
 .bss           0x00000000        0x0 ./Generated_Code/TU1.o
 .debug_macro   0x00000000      0x802 ./Generated_Code/TU1.o
 .debug_macro   0x00000000      0x214 ./Generated_Code/TU1.o
 .debug_macro   0x00000000     0x1592 ./Generated_Code/TU1.o
 .debug_macro   0x00000000      0x14e ./Generated_Code/TU1.o
 .debug_macro   0x00000000       0x64 ./Generated_Code/TU1.o
 .debug_macro   0x00000000     0x5f60 ./Generated_Code/TU1.o
 .debug_macro   0x00000000       0x94 ./Generated_Code/TU1.o
 .debug_macro   0x00000000      0x12b ./Generated_Code/TU1.o
 .debug_macro   0x00000000       0x9a ./Generated_Code/TU1.o
 .debug_macro   0x00000000       0x34 ./Generated_Code/TU1.o
 .debug_macro   0x00000000       0x11 ./Generated_Code/TU1.o
 .debug_macro   0x00000000       0x34 ./Generated_Code/TU1.o
 .debug_macro   0x00000000       0x34 ./Generated_Code/TU1.o
 .debug_macro   0x00000000       0x3c ./Generated_Code/TU1.o
 .debug_macro   0x00000000       0x57 ./Generated_Code/TU1.o
 .debug_macro   0x00000000      0x25a ./Generated_Code/TU1.o
 .debug_macro   0x00000000       0x50 ./Generated_Code/TU1.o
 .group         0x00000000        0x8 ./Generated_Code/USB_COMMUNICATION.o
 .group         0x00000000        0x8 ./Generated_Code/USB_COMMUNICATION.o
 .group         0x00000000        0x8 ./Generated_Code/USB_COMMUNICATION.o
 .group         0x00000000        0x8 ./Generated_Code/USB_COMMUNICATION.o
 .group         0x00000000        0x8 ./Generated_Code/USB_COMMUNICATION.o
 .group         0x00000000        0x8 ./Generated_Code/USB_COMMUNICATION.o
 .group         0x00000000        0x8 ./Generated_Code/USB_COMMUNICATION.o
 .group         0x00000000        0x8 ./Generated_Code/USB_COMMUNICATION.o
 .group         0x00000000        0x8 ./Generated_Code/USB_COMMUNICATION.o
 .group         0x00000000        0x8 ./Generated_Code/USB_COMMUNICATION.o
 .group         0x00000000        0x8 ./Generated_Code/USB_COMMUNICATION.o
 .group         0x00000000        0x8 ./Generated_Code/USB_COMMUNICATION.o
 .group         0x00000000        0x8 ./Generated_Code/USB_COMMUNICATION.o
 .group         0x00000000        0x8 ./Generated_Code/USB_COMMUNICATION.o
 .group         0x00000000        0x8 ./Generated_Code/USB_COMMUNICATION.o
 .group         0x00000000        0x8 ./Generated_Code/USB_COMMUNICATION.o
 .group         0x00000000        0x8 ./Generated_Code/USB_COMMUNICATION.o
 .group         0x00000000        0x8 ./Generated_Code/USB_COMMUNICATION.o
 .group         0x00000000        0x8 ./Generated_Code/USB_COMMUNICATION.o
 .text          0x00000000        0x0 ./Generated_Code/USB_COMMUNICATION.o
 .data          0x00000000        0x0 ./Generated_Code/USB_COMMUNICATION.o
 .bss           0x00000000        0x0 ./Generated_Code/USB_COMMUNICATION.o
 .debug_macro   0x00000000      0x802 ./Generated_Code/USB_COMMUNICATION.o
 .debug_macro   0x00000000      0x214 ./Generated_Code/USB_COMMUNICATION.o
 .debug_macro   0x00000000     0x1592 ./Generated_Code/USB_COMMUNICATION.o
 .debug_macro   0x00000000      0x14e ./Generated_Code/USB_COMMUNICATION.o
 .debug_macro   0x00000000       0x64 ./Generated_Code/USB_COMMUNICATION.o
 .debug_macro   0x00000000     0x5f60 ./Generated_Code/USB_COMMUNICATION.o
 .debug_macro   0x00000000       0x94 ./Generated_Code/USB_COMMUNICATION.o
 .debug_macro   0x00000000       0x94 ./Generated_Code/USB_COMMUNICATION.o
 .debug_macro   0x00000000      0x12b ./Generated_Code/USB_COMMUNICATION.o
 .debug_macro   0x00000000       0x34 ./Generated_Code/USB_COMMUNICATION.o
 .debug_macro   0x00000000       0x11 ./Generated_Code/USB_COMMUNICATION.o
 .debug_macro   0x00000000       0x34 ./Generated_Code/USB_COMMUNICATION.o
 .debug_macro   0x00000000       0x34 ./Generated_Code/USB_COMMUNICATION.o
 .debug_macro   0x00000000       0x3c ./Generated_Code/USB_COMMUNICATION.o
 .debug_macro   0x00000000      0x25a ./Generated_Code/USB_COMMUNICATION.o
 .debug_macro   0x00000000       0x50 ./Generated_Code/USB_COMMUNICATION.o
 .group         0x00000000        0x8 ./Generated_Code/Vectors.o
 .group         0x00000000        0x8 ./Generated_Code/Vectors.o
 .group         0x00000000        0x8 ./Generated_Code/Vectors.o
 .group         0x00000000        0x8 ./Generated_Code/Vectors.o
 .group         0x00000000        0x8 ./Generated_Code/Vectors.o
 .group         0x00000000        0x8 ./Generated_Code/Vectors.o
 .group         0x00000000        0x8 ./Generated_Code/Vectors.o
 .group         0x00000000        0x8 ./Generated_Code/Vectors.o
 .group         0x00000000        0x8 ./Generated_Code/Vectors.o
 .group         0x00000000        0x8 ./Generated_Code/Vectors.o
 .group         0x00000000        0x8 ./Generated_Code/Vectors.o
 .group         0x00000000        0x8 ./Generated_Code/Vectors.o
 .group         0x00000000        0x8 ./Generated_Code/Vectors.o
 .group         0x00000000        0x8 ./Generated_Code/Vectors.o
 .group         0x00000000        0x8 ./Generated_Code/Vectors.o
 .group         0x00000000        0x8 ./Generated_Code/Vectors.o
 .group         0x00000000        0x8 ./Generated_Code/Vectors.o
 .text          0x00000000        0x0 ./Generated_Code/Vectors.o
 .data          0x00000000        0x0 ./Generated_Code/Vectors.o
 .bss           0x00000000        0x0 ./Generated_Code/Vectors.o
 .debug_macro   0x00000000      0x802 ./Generated_Code/Vectors.o
 .debug_macro   0x00000000      0x214 ./Generated_Code/Vectors.o
 .debug_macro   0x00000000     0x1592 ./Generated_Code/Vectors.o
 .debug_macro   0x00000000      0x14e ./Generated_Code/Vectors.o
 .debug_macro   0x00000000       0x64 ./Generated_Code/Vectors.o
 .debug_macro   0x00000000     0x5f60 ./Generated_Code/Vectors.o
 .debug_macro   0x00000000       0x94 ./Generated_Code/Vectors.o
 .debug_macro   0x00000000       0x94 ./Generated_Code/Vectors.o
 .debug_macro   0x00000000      0x12b ./Generated_Code/Vectors.o
 .debug_macro   0x00000000       0x34 ./Generated_Code/Vectors.o
 .debug_macro   0x00000000       0x11 ./Generated_Code/Vectors.o
 .debug_macro   0x00000000       0x34 ./Generated_Code/Vectors.o
 .debug_macro   0x00000000       0x34 ./Generated_Code/Vectors.o
 .debug_macro   0x00000000       0x3c ./Generated_Code/Vectors.o
 .debug_macro   0x00000000       0x57 ./Generated_Code/Vectors.o
 .debug_macro   0x00000000      0x25a ./Generated_Code/Vectors.o
 .debug_macro   0x00000000       0x50 ./Generated_Code/Vectors.o
 .text          0x00000000        0x0 c:/freescale/kds_2.0.0/toolchain/bin/../lib/gcc/arm-none-eabi/4.8.0/../../../../arm-none-eabi/lib\libg_s.a(lib_a-atexit.o)
 .data          0x00000000        0x0 c:/freescale/kds_2.0.0/toolchain/bin/../lib/gcc/arm-none-eabi/4.8.0/../../../../arm-none-eabi/lib\libg_s.a(lib_a-atexit.o)
 .bss           0x00000000        0x0 c:/freescale/kds_2.0.0/toolchain/bin/../lib/gcc/arm-none-eabi/4.8.0/../../../../arm-none-eabi/lib\libg_s.a(lib_a-atexit.o)
 .text.atexit   0x00000000       0x10 c:/freescale/kds_2.0.0/toolchain/bin/../lib/gcc/arm-none-eabi/4.8.0/../../../../arm-none-eabi/lib\libg_s.a(lib_a-atexit.o)
 .comment       0x00000000       0x2b c:/freescale/kds_2.0.0/toolchain/bin/../lib/gcc/arm-none-eabi/4.8.0/../../../../arm-none-eabi/lib\libg_s.a(lib_a-atexit.o)
 .ARM.attributes
                0x00000000       0x31 c:/freescale/kds_2.0.0/toolchain/bin/../lib/gcc/arm-none-eabi/4.8.0/../../../../arm-none-eabi/lib\libg_s.a(lib_a-atexit.o)
 .text          0x00000000        0x0 c:/freescale/kds_2.0.0/toolchain/bin/../lib/gcc/arm-none-eabi/4.8.0/../../../../arm-none-eabi/lib\libg_s.a(lib_a-exit.o)
 .data          0x00000000        0x0 c:/freescale/kds_2.0.0/toolchain/bin/../lib/gcc/arm-none-eabi/4.8.0/../../../../arm-none-eabi/lib\libg_s.a(lib_a-exit.o)
 .bss           0x00000000        0x0 c:/freescale/kds_2.0.0/toolchain/bin/../lib/gcc/arm-none-eabi/4.8.0/../../../../arm-none-eabi/lib\libg_s.a(lib_a-exit.o)
 .text.exit     0x00000000       0x30 c:/freescale/kds_2.0.0/toolchain/bin/../lib/gcc/arm-none-eabi/4.8.0/../../../../arm-none-eabi/lib\libg_s.a(lib_a-exit.o)
 .comment       0x00000000       0x2b c:/freescale/kds_2.0.0/toolchain/bin/../lib/gcc/arm-none-eabi/4.8.0/../../../../arm-none-eabi/lib\libg_s.a(lib_a-exit.o)
 .ARM.attributes
                0x00000000       0x31 c:/freescale/kds_2.0.0/toolchain/bin/../lib/gcc/arm-none-eabi/4.8.0/../../../../arm-none-eabi/lib\libg_s.a(lib_a-exit.o)
 .text          0x00000000        0x0 c:/freescale/kds_2.0.0/toolchain/bin/../lib/gcc/arm-none-eabi/4.8.0/../../../../arm-none-eabi/lib\libg_s.a(lib_a-fini.o)
 .data          0x00000000        0x0 c:/freescale/kds_2.0.0/toolchain/bin/../lib/gcc/arm-none-eabi/4.8.0/../../../../arm-none-eabi/lib\libg_s.a(lib_a-fini.o)
 .bss           0x00000000        0x0 c:/freescale/kds_2.0.0/toolchain/bin/../lib/gcc/arm-none-eabi/4.8.0/../../../../arm-none-eabi/lib\libg_s.a(lib_a-fini.o)
 .text.__libc_fini_array
                0x00000000       0x28 c:/freescale/kds_2.0.0/toolchain/bin/../lib/gcc/arm-none-eabi/4.8.0/../../../../arm-none-eabi/lib\libg_s.a(lib_a-fini.o)
 .comment       0x00000000       0x2b c:/freescale/kds_2.0.0/toolchain/bin/../lib/gcc/arm-none-eabi/4.8.0/../../../../arm-none-eabi/lib\libg_s.a(lib_a-fini.o)
 .ARM.attributes
                0x00000000       0x31 c:/freescale/kds_2.0.0/toolchain/bin/../lib/gcc/arm-none-eabi/4.8.0/../../../../arm-none-eabi/lib\libg_s.a(lib_a-fini.o)
 .text          0x00000000        0x0 c:/freescale/kds_2.0.0/toolchain/bin/../lib/gcc/arm-none-eabi/4.8.0/../../../../arm-none-eabi/lib\libg_s.a(lib_a-impure.o)
 .data          0x00000000        0x0 c:/freescale/kds_2.0.0/toolchain/bin/../lib/gcc/arm-none-eabi/4.8.0/../../../../arm-none-eabi/lib\libg_s.a(lib_a-impure.o)
 .bss           0x00000000        0x0 c:/freescale/kds_2.0.0/toolchain/bin/../lib/gcc/arm-none-eabi/4.8.0/../../../../arm-none-eabi/lib\libg_s.a(lib_a-impure.o)
 .data.impure_data
                0x00000000      0x298 c:/freescale/kds_2.0.0/toolchain/bin/../lib/gcc/arm-none-eabi/4.8.0/../../../../arm-none-eabi/lib\libg_s.a(lib_a-impure.o)
 .data._impure_ptr
                0x00000000        0x4 c:/freescale/kds_2.0.0/toolchain/bin/../lib/gcc/arm-none-eabi/4.8.0/../../../../arm-none-eabi/lib\libg_s.a(lib_a-impure.o)
 .rodata.str1.1
                0x00000000        0x2 c:/freescale/kds_2.0.0/toolchain/bin/../lib/gcc/arm-none-eabi/4.8.0/../../../../arm-none-eabi/lib\libg_s.a(lib_a-impure.o)
 .rodata._global_impure_ptr
                0x00000000        0x4 c:/freescale/kds_2.0.0/toolchain/bin/../lib/gcc/arm-none-eabi/4.8.0/../../../../arm-none-eabi/lib\libg_s.a(lib_a-impure.o)
 .comment       0x00000000       0x2b c:/freescale/kds_2.0.0/toolchain/bin/../lib/gcc/arm-none-eabi/4.8.0/../../../../arm-none-eabi/lib\libg_s.a(lib_a-impure.o)
 .ARM.attributes
                0x00000000       0x31 c:/freescale/kds_2.0.0/toolchain/bin/../lib/gcc/arm-none-eabi/4.8.0/../../../../arm-none-eabi/lib\libg_s.a(lib_a-impure.o)
 .text          0x00000000        0x0 c:/freescale/kds_2.0.0/toolchain/bin/../lib/gcc/arm-none-eabi/4.8.0/../../../../arm-none-eabi/lib\libg_s.a(lib_a-memset.o)
 .data          0x00000000        0x0 c:/freescale/kds_2.0.0/toolchain/bin/../lib/gcc/arm-none-eabi/4.8.0/../../../../arm-none-eabi/lib\libg_s.a(lib_a-memset.o)
 .bss           0x00000000        0x0 c:/freescale/kds_2.0.0/toolchain/bin/../lib/gcc/arm-none-eabi/4.8.0/../../../../arm-none-eabi/lib\libg_s.a(lib_a-memset.o)
 .text.memset   0x00000000       0x12 c:/freescale/kds_2.0.0/toolchain/bin/../lib/gcc/arm-none-eabi/4.8.0/../../../../arm-none-eabi/lib\libg_s.a(lib_a-memset.o)
 .comment       0x00000000       0x2b c:/freescale/kds_2.0.0/toolchain/bin/../lib/gcc/arm-none-eabi/4.8.0/../../../../arm-none-eabi/lib\libg_s.a(lib_a-memset.o)
 .ARM.attributes
                0x00000000       0x31 c:/freescale/kds_2.0.0/toolchain/bin/../lib/gcc/arm-none-eabi/4.8.0/../../../../arm-none-eabi/lib\libg_s.a(lib_a-memset.o)
 .text          0x00000000        0x0 c:/freescale/kds_2.0.0/toolchain/bin/../lib/gcc/arm-none-eabi/4.8.0/../../../../arm-none-eabi/lib\libg_s.a(lib_a-syscalls.o)
 .data          0x00000000        0x0 c:/freescale/kds_2.0.0/toolchain/bin/../lib/gcc/arm-none-eabi/4.8.0/../../../../arm-none-eabi/lib\libg_s.a(lib_a-syscalls.o)
 .bss           0x00000000        0x0 c:/freescale/kds_2.0.0/toolchain/bin/../lib/gcc/arm-none-eabi/4.8.0/../../../../arm-none-eabi/lib\libg_s.a(lib_a-syscalls.o)
 .text.invalid_fd
                0x00000000       0x1c c:/freescale/kds_2.0.0/toolchain/bin/../lib/gcc/arm-none-eabi/4.8.0/../../../../arm-none-eabi/lib\libg_s.a(lib_a-syscalls.o)
 .text.error    0x00000000       0x1c c:/freescale/kds_2.0.0/toolchain/bin/../lib/gcc/arm-none-eabi/4.8.0/../../../../arm-none-eabi/lib\libg_s.a(lib_a-syscalls.o)
 .text.findslot.part.0
                0x00000000       0x1c c:/freescale/kds_2.0.0/toolchain/bin/../lib/gcc/arm-none-eabi/4.8.0/../../../../arm-none-eabi/lib\libg_s.a(lib_a-syscalls.o)
 .text.initialise_monitor_handles
                0x00000000       0x78 c:/freescale/kds_2.0.0/toolchain/bin/../lib/gcc/arm-none-eabi/4.8.0/../../../../arm-none-eabi/lib\libg_s.a(lib_a-syscalls.o)
 .text._swiread
                0x00000000       0x26 c:/freescale/kds_2.0.0/toolchain/bin/../lib/gcc/arm-none-eabi/4.8.0/../../../../arm-none-eabi/lib\libg_s.a(lib_a-syscalls.o)
 .text._read    0x00000000       0x64 c:/freescale/kds_2.0.0/toolchain/bin/../lib/gcc/arm-none-eabi/4.8.0/../../../../arm-none-eabi/lib\libg_s.a(lib_a-syscalls.o)
 .text._swilseek
                0x00000000       0xa4 c:/freescale/kds_2.0.0/toolchain/bin/../lib/gcc/arm-none-eabi/4.8.0/../../../../arm-none-eabi/lib\libg_s.a(lib_a-syscalls.o)
 .text._lseek   0x00000000       0x10 c:/freescale/kds_2.0.0/toolchain/bin/../lib/gcc/arm-none-eabi/4.8.0/../../../../arm-none-eabi/lib\libg_s.a(lib_a-syscalls.o)
 .text._swiwrite
                0x00000000       0x26 c:/freescale/kds_2.0.0/toolchain/bin/../lib/gcc/arm-none-eabi/4.8.0/../../../../arm-none-eabi/lib\libg_s.a(lib_a-syscalls.o)
 .text._write   0x00000000       0x68 c:/freescale/kds_2.0.0/toolchain/bin/../lib/gcc/arm-none-eabi/4.8.0/../../../../arm-none-eabi/lib\libg_s.a(lib_a-syscalls.o)
 .text._swiopen
                0x00000000       0x84 c:/freescale/kds_2.0.0/toolchain/bin/../lib/gcc/arm-none-eabi/4.8.0/../../../../arm-none-eabi/lib\libg_s.a(lib_a-syscalls.o)
 .text._open    0x00000000       0x18 c:/freescale/kds_2.0.0/toolchain/bin/../lib/gcc/arm-none-eabi/4.8.0/../../../../arm-none-eabi/lib\libg_s.a(lib_a-syscalls.o)
 .text._swiclose
                0x00000000       0x40 c:/freescale/kds_2.0.0/toolchain/bin/../lib/gcc/arm-none-eabi/4.8.0/../../../../arm-none-eabi/lib\libg_s.a(lib_a-syscalls.o)
 .text._close   0x00000000       0x10 c:/freescale/kds_2.0.0/toolchain/bin/../lib/gcc/arm-none-eabi/4.8.0/../../../../arm-none-eabi/lib\libg_s.a(lib_a-syscalls.o)
 .text._kill    0x00000000       0x24 c:/freescale/kds_2.0.0/toolchain/bin/../lib/gcc/arm-none-eabi/4.8.0/../../../../arm-none-eabi/lib\libg_s.a(lib_a-syscalls.o)
 .text._exit    0x00000000        0xc c:/freescale/kds_2.0.0/toolchain/bin/../lib/gcc/arm-none-eabi/4.8.0/../../../../arm-none-eabi/lib\libg_s.a(lib_a-syscalls.o)
 .text._getpid  0x00000000        0x4 c:/freescale/kds_2.0.0/toolchain/bin/../lib/gcc/arm-none-eabi/4.8.0/../../../../arm-none-eabi/lib\libg_s.a(lib_a-syscalls.o)
 .text._sbrk    0x00000000       0x38 c:/freescale/kds_2.0.0/toolchain/bin/../lib/gcc/arm-none-eabi/4.8.0/../../../../arm-none-eabi/lib\libg_s.a(lib_a-syscalls.o)
 .text._fstat   0x00000000       0x1e c:/freescale/kds_2.0.0/toolchain/bin/../lib/gcc/arm-none-eabi/4.8.0/../../../../arm-none-eabi/lib\libg_s.a(lib_a-syscalls.o)
 .text._stat    0x00000000       0x34 c:/freescale/kds_2.0.0/toolchain/bin/../lib/gcc/arm-none-eabi/4.8.0/../../../../arm-none-eabi/lib\libg_s.a(lib_a-syscalls.o)
 .text._link    0x00000000        0x6 c:/freescale/kds_2.0.0/toolchain/bin/../lib/gcc/arm-none-eabi/4.8.0/../../../../arm-none-eabi/lib\libg_s.a(lib_a-syscalls.o)
 .text._unlink  0x00000000       0x2a c:/freescale/kds_2.0.0/toolchain/bin/../lib/gcc/arm-none-eabi/4.8.0/../../../../arm-none-eabi/lib\libg_s.a(lib_a-syscalls.o)
 .text._raise   0x00000000        0x2 c:/freescale/kds_2.0.0/toolchain/bin/../lib/gcc/arm-none-eabi/4.8.0/../../../../arm-none-eabi/lib\libg_s.a(lib_a-syscalls.o)
 .text._gettimeofday
                0x00000000       0x2a c:/freescale/kds_2.0.0/toolchain/bin/../lib/gcc/arm-none-eabi/4.8.0/../../../../arm-none-eabi/lib\libg_s.a(lib_a-syscalls.o)
 .text._times   0x00000000       0x22 c:/freescale/kds_2.0.0/toolchain/bin/../lib/gcc/arm-none-eabi/4.8.0/../../../../arm-none-eabi/lib\libg_s.a(lib_a-syscalls.o)
 .text._isatty  0x00000000       0x44 c:/freescale/kds_2.0.0/toolchain/bin/../lib/gcc/arm-none-eabi/4.8.0/../../../../arm-none-eabi/lib\libg_s.a(lib_a-syscalls.o)
 .text._system  0x00000000       0x42 c:/freescale/kds_2.0.0/toolchain/bin/../lib/gcc/arm-none-eabi/4.8.0/../../../../arm-none-eabi/lib\libg_s.a(lib_a-syscalls.o)
 .text._rename  0x00000000       0x3a c:/freescale/kds_2.0.0/toolchain/bin/../lib/gcc/arm-none-eabi/4.8.0/../../../../arm-none-eabi/lib\libg_s.a(lib_a-syscalls.o)
 .bss.monitor_stdout
                0x00000000        0x4 c:/freescale/kds_2.0.0/toolchain/bin/../lib/gcc/arm-none-eabi/4.8.0/../../../../arm-none-eabi/lib\libg_s.a(lib_a-syscalls.o)
 .bss.monitor_stdin
                0x00000000        0x4 c:/freescale/kds_2.0.0/toolchain/bin/../lib/gcc/arm-none-eabi/4.8.0/../../../../arm-none-eabi/lib\libg_s.a(lib_a-syscalls.o)
 .rodata.str1.1
                0x00000000        0x4 c:/freescale/kds_2.0.0/toolchain/bin/../lib/gcc/arm-none-eabi/4.8.0/../../../../arm-none-eabi/lib\libg_s.a(lib_a-syscalls.o)
 .bss.heap_end.5175
                0x00000000        0x4 c:/freescale/kds_2.0.0/toolchain/bin/../lib/gcc/arm-none-eabi/4.8.0/../../../../arm-none-eabi/lib\libg_s.a(lib_a-syscalls.o)
 .bss.monitor_stderr
                0x00000000        0x4 c:/freescale/kds_2.0.0/toolchain/bin/../lib/gcc/arm-none-eabi/4.8.0/../../../../arm-none-eabi/lib\libg_s.a(lib_a-syscalls.o)
 .bss.openfiles
                0x00000000       0xa0 c:/freescale/kds_2.0.0/toolchain/bin/../lib/gcc/arm-none-eabi/4.8.0/../../../../arm-none-eabi/lib\libg_s.a(lib_a-syscalls.o)
 .comment       0x00000000       0x2b c:/freescale/kds_2.0.0/toolchain/bin/../lib/gcc/arm-none-eabi/4.8.0/../../../../arm-none-eabi/lib\libg_s.a(lib_a-syscalls.o)
 .ARM.attributes
                0x00000000       0x31 c:/freescale/kds_2.0.0/toolchain/bin/../lib/gcc/arm-none-eabi/4.8.0/../../../../arm-none-eabi/lib\libg_s.a(lib_a-syscalls.o)
 .text          0x00000000        0x0 c:/freescale/kds_2.0.0/toolchain/bin/../lib/gcc/arm-none-eabi/4.8.0/../../../../arm-none-eabi/lib\libg_s.a(lib_a-__atexit.o)
 .data          0x00000000        0x0 c:/freescale/kds_2.0.0/toolchain/bin/../lib/gcc/arm-none-eabi/4.8.0/../../../../arm-none-eabi/lib\libg_s.a(lib_a-__atexit.o)
 .bss           0x00000000        0x0 c:/freescale/kds_2.0.0/toolchain/bin/../lib/gcc/arm-none-eabi/4.8.0/../../../../arm-none-eabi/lib\libg_s.a(lib_a-__atexit.o)
 .text.__do_register_exitproc
                0x00000000       0x80 c:/freescale/kds_2.0.0/toolchain/bin/../lib/gcc/arm-none-eabi/4.8.0/../../../../arm-none-eabi/lib\libg_s.a(lib_a-__atexit.o)
 .data.__atexit_dummy
                0x00000000        0x4 c:/freescale/kds_2.0.0/toolchain/bin/../lib/gcc/arm-none-eabi/4.8.0/../../../../arm-none-eabi/lib\libg_s.a(lib_a-__atexit.o)
 .comment       0x00000000       0x2b c:/freescale/kds_2.0.0/toolchain/bin/../lib/gcc/arm-none-eabi/4.8.0/../../../../arm-none-eabi/lib\libg_s.a(lib_a-__atexit.o)
 .ARM.attributes
                0x00000000       0x31 c:/freescale/kds_2.0.0/toolchain/bin/../lib/gcc/arm-none-eabi/4.8.0/../../../../arm-none-eabi/lib\libg_s.a(lib_a-__atexit.o)
 .text          0x00000000        0x0 c:/freescale/kds_2.0.0/toolchain/bin/../lib/gcc/arm-none-eabi/4.8.0/../../../../arm-none-eabi/lib\libg_s.a(lib_a-__call_atexit.o)
 .data          0x00000000        0x0 c:/freescale/kds_2.0.0/toolchain/bin/../lib/gcc/arm-none-eabi/4.8.0/../../../../arm-none-eabi/lib\libg_s.a(lib_a-__call_atexit.o)
 .bss           0x00000000        0x0 c:/freescale/kds_2.0.0/toolchain/bin/../lib/gcc/arm-none-eabi/4.8.0/../../../../arm-none-eabi/lib\libg_s.a(lib_a-__call_atexit.o)
 .text.__call_exitprocs
                0x00000000       0xa8 c:/freescale/kds_2.0.0/toolchain/bin/../lib/gcc/arm-none-eabi/4.8.0/../../../../arm-none-eabi/lib\libg_s.a(lib_a-__call_atexit.o)
 .comment       0x00000000       0x2b c:/freescale/kds_2.0.0/toolchain/bin/../lib/gcc/arm-none-eabi/4.8.0/../../../../arm-none-eabi/lib\libg_s.a(lib_a-__call_atexit.o)
 .ARM.attributes
                0x00000000       0x31 c:/freescale/kds_2.0.0/toolchain/bin/../lib/gcc/arm-none-eabi/4.8.0/../../../../arm-none-eabi/lib\libg_s.a(lib_a-__call_atexit.o)
 .text          0x00000000        0x0 c:/freescale/kds_2.0.0/toolchain/bin/../lib/gcc/arm-none-eabi/4.8.0/../../../../arm-none-eabi/lib\libg_s.a(lib_a-errno.o)
 .data          0x00000000        0x0 c:/freescale/kds_2.0.0/toolchain/bin/../lib/gcc/arm-none-eabi/4.8.0/../../../../arm-none-eabi/lib\libg_s.a(lib_a-errno.o)
 .bss           0x00000000        0x0 c:/freescale/kds_2.0.0/toolchain/bin/../lib/gcc/arm-none-eabi/4.8.0/../../../../arm-none-eabi/lib\libg_s.a(lib_a-errno.o)
 .text.__errno  0x00000000        0xc c:/freescale/kds_2.0.0/toolchain/bin/../lib/gcc/arm-none-eabi/4.8.0/../../../../arm-none-eabi/lib\libg_s.a(lib_a-errno.o)
 .comment       0x00000000       0x2b c:/freescale/kds_2.0.0/toolchain/bin/../lib/gcc/arm-none-eabi/4.8.0/../../../../arm-none-eabi/lib\libg_s.a(lib_a-errno.o)
 .ARM.attributes
                0x00000000       0x31 c:/freescale/kds_2.0.0/toolchain/bin/../lib/gcc/arm-none-eabi/4.8.0/../../../../arm-none-eabi/lib\libg_s.a(lib_a-errno.o)
 .text          0x00000000        0x0 c:/freescale/kds_2.0.0/toolchain/bin/../lib/gcc/arm-none-eabi/4.8.0/../../../../arm-none-eabi/lib\libg_s.a(lib_a-malloc.o)
 .data          0x00000000        0x0 c:/freescale/kds_2.0.0/toolchain/bin/../lib/gcc/arm-none-eabi/4.8.0/../../../../arm-none-eabi/lib\libg_s.a(lib_a-malloc.o)
 .bss           0x00000000        0x0 c:/freescale/kds_2.0.0/toolchain/bin/../lib/gcc/arm-none-eabi/4.8.0/../../../../arm-none-eabi/lib\libg_s.a(lib_a-malloc.o)
 .text.malloc   0x00000000       0x14 c:/freescale/kds_2.0.0/toolchain/bin/../lib/gcc/arm-none-eabi/4.8.0/../../../../arm-none-eabi/lib\libg_s.a(lib_a-malloc.o)
 .text.free     0x00000000       0x14 c:/freescale/kds_2.0.0/toolchain/bin/../lib/gcc/arm-none-eabi/4.8.0/../../../../arm-none-eabi/lib\libg_s.a(lib_a-malloc.o)
 .comment       0x00000000       0x2b c:/freescale/kds_2.0.0/toolchain/bin/../lib/gcc/arm-none-eabi/4.8.0/../../../../arm-none-eabi/lib\libg_s.a(lib_a-malloc.o)
 .ARM.attributes
                0x00000000       0x31 c:/freescale/kds_2.0.0/toolchain/bin/../lib/gcc/arm-none-eabi/4.8.0/../../../../arm-none-eabi/lib\libg_s.a(lib_a-malloc.o)
 .text          0x00000000        0x0 c:/freescale/kds_2.0.0/toolchain/bin/../lib/gcc/arm-none-eabi/4.8.0/../../../../arm-none-eabi/lib\libg_s.a(lib_a-mallocr.o)
 .data          0x00000000        0x0 c:/freescale/kds_2.0.0/toolchain/bin/../lib/gcc/arm-none-eabi/4.8.0/../../../../arm-none-eabi/lib\libg_s.a(lib_a-mallocr.o)
 .bss           0x00000000        0x0 c:/freescale/kds_2.0.0/toolchain/bin/../lib/gcc/arm-none-eabi/4.8.0/../../../../arm-none-eabi/lib\libg_s.a(lib_a-mallocr.o)
 .text._malloc_r
                0x00000000       0x98 c:/freescale/kds_2.0.0/toolchain/bin/../lib/gcc/arm-none-eabi/4.8.0/../../../../arm-none-eabi/lib\libg_s.a(lib_a-mallocr.o)
 .bss.__malloc_free_list
                0x00000000        0x4 c:/freescale/kds_2.0.0/toolchain/bin/../lib/gcc/arm-none-eabi/4.8.0/../../../../arm-none-eabi/lib\libg_s.a(lib_a-mallocr.o)
 .comment       0x00000000       0x2b c:/freescale/kds_2.0.0/toolchain/bin/../lib/gcc/arm-none-eabi/4.8.0/../../../../arm-none-eabi/lib\libg_s.a(lib_a-mallocr.o)
 .ARM.attributes
                0x00000000       0x31 c:/freescale/kds_2.0.0/toolchain/bin/../lib/gcc/arm-none-eabi/4.8.0/../../../../arm-none-eabi/lib\libg_s.a(lib_a-mallocr.o)
 .text          0x00000000        0x0 c:/freescale/kds_2.0.0/toolchain/bin/../lib/gcc/arm-none-eabi/4.8.0/../../../../arm-none-eabi/lib\libg_s.a(lib_a-sbrkr.o)
 .data          0x00000000        0x0 c:/freescale/kds_2.0.0/toolchain/bin/../lib/gcc/arm-none-eabi/4.8.0/../../../../arm-none-eabi/lib\libg_s.a(lib_a-sbrkr.o)
 .bss           0x00000000        0x0 c:/freescale/kds_2.0.0/toolchain/bin/../lib/gcc/arm-none-eabi/4.8.0/../../../../arm-none-eabi/lib\libg_s.a(lib_a-sbrkr.o)
 .text._sbrk_r  0x00000000       0x24 c:/freescale/kds_2.0.0/toolchain/bin/../lib/gcc/arm-none-eabi/4.8.0/../../../../arm-none-eabi/lib\libg_s.a(lib_a-sbrkr.o)
 .comment       0x00000000       0x2b c:/freescale/kds_2.0.0/toolchain/bin/../lib/gcc/arm-none-eabi/4.8.0/../../../../arm-none-eabi/lib\libg_s.a(lib_a-sbrkr.o)
 .ARM.attributes
                0x00000000       0x31 c:/freescale/kds_2.0.0/toolchain/bin/../lib/gcc/arm-none-eabi/4.8.0/../../../../arm-none-eabi/lib\libg_s.a(lib_a-sbrkr.o)
 .text          0x00000000        0x0 c:/freescale/kds_2.0.0/toolchain/bin/../lib/gcc/arm-none-eabi/4.8.0/../../../../arm-none-eabi/lib\libg_s.a(lib_a-strlen.o)
 .data          0x00000000        0x0 c:/freescale/kds_2.0.0/toolchain/bin/../lib/gcc/arm-none-eabi/4.8.0/../../../../arm-none-eabi/lib\libg_s.a(lib_a-strlen.o)
 .bss           0x00000000        0x0 c:/freescale/kds_2.0.0/toolchain/bin/../lib/gcc/arm-none-eabi/4.8.0/../../../../arm-none-eabi/lib\libg_s.a(lib_a-strlen.o)
 .text.strlen   0x00000000        0xe c:/freescale/kds_2.0.0/toolchain/bin/../lib/gcc/arm-none-eabi/4.8.0/../../../../arm-none-eabi/lib\libg_s.a(lib_a-strlen.o)
 .comment       0x00000000       0x2b c:/freescale/kds_2.0.0/toolchain/bin/../lib/gcc/arm-none-eabi/4.8.0/../../../../arm-none-eabi/lib\libg_s.a(lib_a-strlen.o)
 .ARM.attributes
                0x00000000       0x31 c:/freescale/kds_2.0.0/toolchain/bin/../lib/gcc/arm-none-eabi/4.8.0/../../../../arm-none-eabi/lib\libg_s.a(lib_a-strlen.o)
 .text          0x00000000        0x0 c:/freescale/kds_2.0.0/toolchain/bin/../lib/gcc/arm-none-eabi/4.8.0/../../../../arm-none-eabi/lib\libg_s.a(lib_a-freer.o)
 .data          0x00000000        0x0 c:/freescale/kds_2.0.0/toolchain/bin/../lib/gcc/arm-none-eabi/4.8.0/../../../../arm-none-eabi/lib\libg_s.a(lib_a-freer.o)
 .bss           0x00000000        0x0 c:/freescale/kds_2.0.0/toolchain/bin/../lib/gcc/arm-none-eabi/4.8.0/../../../../arm-none-eabi/lib\libg_s.a(lib_a-freer.o)
 .text._free_r  0x00000000       0x90 c:/freescale/kds_2.0.0/toolchain/bin/../lib/gcc/arm-none-eabi/4.8.0/../../../../arm-none-eabi/lib\libg_s.a(lib_a-freer.o)
 .comment       0x00000000       0x2b c:/freescale/kds_2.0.0/toolchain/bin/../lib/gcc/arm-none-eabi/4.8.0/../../../../arm-none-eabi/lib\libg_s.a(lib_a-freer.o)
 .ARM.attributes
                0x00000000       0x31 c:/freescale/kds_2.0.0/toolchain/bin/../lib/gcc/arm-none-eabi/4.8.0/../../../../arm-none-eabi/lib\libg_s.a(lib_a-freer.o)
 .text          0x00000000        0x0 c:/freescale/kds_2.0.0/toolchain/bin/../lib/gcc/arm-none-eabi/4.8.0/../../../../arm-none-eabi/lib\libg_s.a(lib_a-reent.o)
 .data          0x00000000        0x0 c:/freescale/kds_2.0.0/toolchain/bin/../lib/gcc/arm-none-eabi/4.8.0/../../../../arm-none-eabi/lib\libg_s.a(lib_a-reent.o)
 .bss           0x00000000        0x0 c:/freescale/kds_2.0.0/toolchain/bin/../lib/gcc/arm-none-eabi/4.8.0/../../../../arm-none-eabi/lib\libg_s.a(lib_a-reent.o)
 .text.cleanup_glue
                0x00000000       0x1a c:/freescale/kds_2.0.0/toolchain/bin/../lib/gcc/arm-none-eabi/4.8.0/../../../../arm-none-eabi/lib\libg_s.a(lib_a-reent.o)
 .text._reclaim_reent
                0x00000000       0x7c c:/freescale/kds_2.0.0/toolchain/bin/../lib/gcc/arm-none-eabi/4.8.0/../../../../arm-none-eabi/lib\libg_s.a(lib_a-reent.o)
 .text._wrapup_reent
                0x00000000       0x38 c:/freescale/kds_2.0.0/toolchain/bin/../lib/gcc/arm-none-eabi/4.8.0/../../../../arm-none-eabi/lib\libg_s.a(lib_a-reent.o)
 .comment       0x00000000       0x2b c:/freescale/kds_2.0.0/toolchain/bin/../lib/gcc/arm-none-eabi/4.8.0/../../../../arm-none-eabi/lib\libg_s.a(lib_a-reent.o)
 .ARM.attributes
                0x00000000       0x31 c:/freescale/kds_2.0.0/toolchain/bin/../lib/gcc/arm-none-eabi/4.8.0/../../../../arm-none-eabi/lib\libg_s.a(lib_a-reent.o)
 COMMON         0x00000000        0x4 c:/freescale/kds_2.0.0/toolchain/bin/../lib/gcc/arm-none-eabi/4.8.0/../../../../arm-none-eabi/lib\libg_s.a(lib_a-reent.o)
 .text          0x00000000        0x0 c:/freescale/kds_2.0.0/toolchain/bin/../lib/gcc/arm-none-eabi/4.8.0/crtend.o
 .data          0x00000000        0x0 c:/freescale/kds_2.0.0/toolchain/bin/../lib/gcc/arm-none-eabi/4.8.0/crtend.o
 .bss           0x00000000        0x0 c:/freescale/kds_2.0.0/toolchain/bin/../lib/gcc/arm-none-eabi/4.8.0/crtend.o
 .eh_frame      0x00000000        0x4 c:/freescale/kds_2.0.0/toolchain/bin/../lib/gcc/arm-none-eabi/4.8.0/crtend.o
 .jcr           0x00000000        0x4 c:/freescale/kds_2.0.0/toolchain/bin/../lib/gcc/arm-none-eabi/4.8.0/crtend.o
 .text          0x00000000        0x0 c:/freescale/kds_2.0.0/toolchain/bin/../lib/gcc/arm-none-eabi/4.8.0/crtn.o
 .data          0x00000000        0x0 c:/freescale/kds_2.0.0/toolchain/bin/../lib/gcc/arm-none-eabi/4.8.0/crtn.o
 .bss           0x00000000        0x0 c:/freescale/kds_2.0.0/toolchain/bin/../lib/gcc/arm-none-eabi/4.8.0/crtn.o

Memory Configuration

Name             Origin             Length             Attributes
m_interrupts     0x00000000         0x000000c0         xr
m_text           0x00000410         0x0001fbf0         xr
m_data           0x1ffff000         0x00004000         rw
m_cfmprotrom     0x00000400         0x00000010         xr
*default*        0x00000000         0xffffffff

Linker script and memory map

LOAD c:/freescale/kds_2.0.0/toolchain/bin/../lib/gcc/arm-none-eabi/4.8.0/crti.o
LOAD c:/freescale/kds_2.0.0/toolchain/bin/../lib/gcc/arm-none-eabi/4.8.0/crtbegin.o
LOAD c:/freescale/kds_2.0.0/toolchain/bin/../lib/gcc/arm-none-eabi/4.8.0/../../../../arm-none-eabi/lib/crt0.o
LOAD ./Sources/Events.o
LOAD ./Sources/main.o
LOAD ./Project_Settings/Startup_Code/startup.o
LOAD ./Generated_Code/BitIoLdd1.o
LOAD ./Generated_Code/BitIoLdd2.o
LOAD ./Generated_Code/BitIoLdd3.o
LOAD ./Generated_Code/Cpu.o
LOAD ./Generated_Code/I2C_ACCEL.o
LOAD ./Generated_Code/LEDRGB_BLUE.o
LOAD ./Generated_Code/LEDRGB_GREEN.o
LOAD ./Generated_Code/LEDRGB_RED.o
LOAD ./Generated_Code/PE_LDD.o
LOAD ./Generated_Code/TU1.o
LOAD ./Generated_Code/USB_COMMUNICATION.o
LOAD ./Generated_Code/Vectors.o
LOAD c:/freescale/kds_2.0.0/toolchain/bin/../lib/gcc/arm-none-eabi/4.8.0/../../../../arm-none-eabi/lib\libstdc++.a
LOAD c:/freescale/kds_2.0.0/toolchain/bin/../lib/gcc/arm-none-eabi/4.8.0/../../../../arm-none-eabi/lib\libm.a
START GROUP
LOAD c:/freescale/kds_2.0.0/toolchain/bin/../lib/gcc/arm-none-eabi/4.8.0\libgcc.a
LOAD c:/freescale/kds_2.0.0/toolchain/bin/../lib/gcc/arm-none-eabi/4.8.0/../../../../arm-none-eabi/lib\libg_s.a
LOAD c:/freescale/kds_2.0.0/toolchain/bin/../lib/gcc/arm-none-eabi/4.8.0/../../../../arm-none-eabi/lib\libc_s.a
END GROUP
LOAD c:/freescale/kds_2.0.0/toolchain/bin/../lib/gcc/arm-none-eabi/4.8.0/crtend.o
LOAD c:/freescale/kds_2.0.0/toolchain/bin/../lib/gcc/arm-none-eabi/4.8.0/crtn.o
                0x20003000                _estack = 0x20003000
                0x20003000                __SP_INIT = _estack
                0x00000000                __heap_size = 0x0
                0x00000400                __stack_size = 0x400

.interrupts     0x00000000       0xc0
                0x00000000                __vector_table = .
                0x00000000                . = ALIGN (0x4)
 *(.vectortable)
 .vectortable   0x00000000       0xc0 ./Generated_Code/Vectors.o
                0x00000000                __vect_table
                0x000000c0                . = ALIGN (0x4)

.cfmprotect     0x00000400       0x10
                0x00000400                . = ALIGN (0x4)
 *(.cfmconfig)
 .cfmconfig     0x00000400       0x10 ./Generated_Code/Cpu.o
                0x00000400                _cfm
                0x00000410                . = ALIGN (0x4)

.text           0x00000410     0x1648
                0x00000410                . = ALIGN (0x4)
 *(.text)
 *(.text*)
 .text.deregister_tm_clones
                0x00000410       0x24 c:/freescale/kds_2.0.0/toolchain/bin/../lib/gcc/arm-none-eabi/4.8.0/crtbegin.o
 .text.register_tm_clones
                0x00000434       0x28 c:/freescale/kds_2.0.0/toolchain/bin/../lib/gcc/arm-none-eabi/4.8.0/crtbegin.o
 .text.__do_global_dtors_aux
                0x0000045c       0x30 c:/freescale/kds_2.0.0/toolchain/bin/../lib/gcc/arm-none-eabi/4.8.0/crtbegin.o
 .text.frame_dummy
                0x0000048c       0x3c c:/freescale/kds_2.0.0/toolchain/bin/../lib/gcc/arm-none-eabi/4.8.0/crtbegin.o
 .text.Cpu_OnNMIINT
                0x000004c8        0x8 ./Sources/Events.o
                0x000004c8                Cpu_OnNMIINT
 .text.I2C_ACCEL_OnMasterBlockSent
                0x000004d0       0x18 ./Sources/Events.o
                0x000004d0                I2C_ACCEL_OnMasterBlockSent
 .text.I2C_ACCEL_OnMasterBlockReceived
                0x000004e8       0x18 ./Sources/Events.o
                0x000004e8                I2C_ACCEL_OnMasterBlockReceived
 .text.USB_COMMUNICATION_OnBlockReceived
                0x00000500       0x18 ./Sources/Events.o
                0x00000500                USB_COMMUNICATION_OnBlockReceived
 .text.USB_COMMUNICATION_OnBlockSent
                0x00000518       0x18 ./Sources/Events.o
                0x00000518                USB_COMMUNICATION_OnBlockSent
 .text.TU1_OnCounterRestart
                0x00000530       0x18 ./Sources/Events.o
                0x00000530                TU1_OnCounterRestart
 .text.ler      0x00000548       0x6c ./Sources/main.o
                0x00000548                ler
 .text.escrever
                0x000005b4       0x58 ./Sources/main.o
                0x000005b4                escrever
 .text.main     0x0000060c      0x2fc ./Sources/main.o
                0x0000060c                main
 .text.__flush_cache
                0x00000908       0x10 ./Project_Settings/Startup_Code/startup.o
                0x00000908                __flush_cache
 .text.__copy_rom_section
                0x00000918       0xd8 ./Project_Settings/Startup_Code/startup.o
                0x00000918                __copy_rom_section
 .text.__copy_rom_sections_to_ram
                0x000009f0       0xc0 ./Project_Settings/Startup_Code/startup.o
                0x000009f0                __copy_rom_sections_to_ram
 .text.zero_fill_bss
                0x00000ab0       0xac ./Project_Settings/Startup_Code/startup.o
 .text.__init_registers
                0x00000b5c        0x8 ./Project_Settings/Startup_Code/startup.o
                0x00000b5c                __init_registers
 .text.__init_user
                0x00000b64        0x8 ./Project_Settings/Startup_Code/startup.o
                0x00000b64                __init_user
 .text.__thumb_startup
                0x00000b6c       0x48 ./Project_Settings/Startup_Code/startup.o
                0x00000b6c                __thumb_startup
 .text.BitIoLdd1_Init
                0x00000bb4       0x64 ./Generated_Code/BitIoLdd1.o
                0x00000bb4                BitIoLdd1_Init
 .text.BitIoLdd1_PutVal
                0x00000c18       0x34 ./Generated_Code/BitIoLdd1.o
                0x00000c18                BitIoLdd1_PutVal
 .text.BitIoLdd2_Init
                0x00000c4c       0x64 ./Generated_Code/BitIoLdd2.o
                0x00000c4c                BitIoLdd2_Init
 .text.BitIoLdd2_PutVal
                0x00000cb0       0x34 ./Generated_Code/BitIoLdd2.o
                0x00000cb0                BitIoLdd2_PutVal
 .text.BitIoLdd3_Init
                0x00000ce4       0x60 ./Generated_Code/BitIoLdd3.o
                0x00000ce4                BitIoLdd3_Init
 .text.BitIoLdd3_PutVal
                0x00000d44       0x30 ./Generated_Code/BitIoLdd3.o
                0x00000d44                BitIoLdd3_PutVal
 .text.Cpu_INT_NMIInterrupt
                0x00000d74        0xc ./Generated_Code/Cpu.o
                0x00000d74                Cpu_INT_NMIInterrupt
 .text.Cpu_Interrupt
                0x00000d80        0xc ./Generated_Code/Cpu.o
                0x00000d80                Cpu_Interrupt
 .text.__init_hardware
                0x00000d8c      0x120 ./Generated_Code/Cpu.o
                0x00000d8c                __init_hardware
 .text.PE_low_level_init
                0x00000eac       0xec ./Generated_Code/Cpu.o
                0x00000eac                PE_low_level_init
 .text.I2C_ACCEL_Interrupt
                0x00000f98      0x208 ./Generated_Code/I2C_ACCEL.o
                0x00000f98                I2C_ACCEL_Interrupt
 .text.I2C_ACCEL_Init
                0x000011a0      0x110 ./Generated_Code/I2C_ACCEL.o
                0x000011a0                I2C_ACCEL_Init
 .text.I2C_ACCEL_MasterSendBlock
                0x000012b0      0x13c ./Generated_Code/I2C_ACCEL.o
                0x000012b0                I2C_ACCEL_MasterSendBlock
 .text.I2C_ACCEL_MasterReceiveBlock
                0x000013ec      0x148 ./Generated_Code/I2C_ACCEL.o
                0x000013ec                I2C_ACCEL_MasterReceiveBlock
 .text.TU1_Init
                0x00001534       0x94 ./Generated_Code/TU1.o
                0x00001534                TU1_Init
 .text.TU1_Interrupt
                0x000015c8       0x30 ./Generated_Code/TU1.o
                0x000015c8                TU1_Interrupt
 .text.USB_COMMUNICATION_Init
                0x000015f8      0x1b0 ./Generated_Code/USB_COMMUNICATION.o
                0x000015f8                USB_COMMUNICATION_Init
 .text.USB_COMMUNICATION_ReceiveBlock
                0x000017a8       0x98 ./Generated_Code/USB_COMMUNICATION.o
                0x000017a8                USB_COMMUNICATION_ReceiveBlock
 .text.USB_COMMUNICATION_SendBlock
                0x00001840       0xc4 ./Generated_Code/USB_COMMUNICATION.o
                0x00001840                USB_COMMUNICATION_SendBlock
 .text.InterruptRx
                0x00001904       0x58 ./Generated_Code/USB_COMMUNICATION.o
 .text.InterruptTx
                0x0000195c       0x80 ./Generated_Code/USB_COMMUNICATION.o
 .text.USB_COMMUNICATION_Interrupt
                0x000019dc       0x64 ./Generated_Code/USB_COMMUNICATION.o
                0x000019dc                USB_COMMUNICATION_Interrupt
 *(.rodata)
 *(.rodata*)
 *(.glue_7)
 .glue_7        0x00000000        0x0 linker stubs
 *(.glue_7t)
 .glue_7t       0x00000000        0x0 linker stubs
 *(.eh_frame)
 .eh_frame      0x00001a40        0x0 c:/freescale/kds_2.0.0/toolchain/bin/../lib/gcc/arm-none-eabi/4.8.0/crtbegin.o
 *(.init)
 .init          0x00001a40        0x4 c:/freescale/kds_2.0.0/toolchain/bin/../lib/gcc/arm-none-eabi/4.8.0/crti.o
                0x00001a40                _init
 .init          0x00001a44        0x8 c:/freescale/kds_2.0.0/toolchain/bin/../lib/gcc/arm-none-eabi/4.8.0/crtn.o
 *(.fini)
 .fini          0x00001a4c        0x4 c:/freescale/kds_2.0.0/toolchain/bin/../lib/gcc/arm-none-eabi/4.8.0/crti.o
                0x00001a4c                _fini
 .fini          0x00001a50        0x8 c:/freescale/kds_2.0.0/toolchain/bin/../lib/gcc/arm-none-eabi/4.8.0/crtn.o
                0x00001a58                . = ALIGN (0x4)
                0x00001a58                _etext = .

.vfp11_veneer   0x00001a58        0x0
 .vfp11_veneer  0x00000000        0x0 linker stubs

.v4_bx          0x00001a58        0x0
 .v4_bx         0x00000000        0x0 linker stubs

.iplt           0x00001a58        0x0
 .iplt          0x00000000        0x0 c:/freescale/kds_2.0.0/toolchain/bin/../lib/gcc/arm-none-eabi/4.8.0/crtbegin.o

.rel.dyn        0x00001a58        0x0
 .rel.iplt      0x00000000        0x0 c:/freescale/kds_2.0.0/toolchain/bin/../lib/gcc/arm-none-eabi/4.8.0/crtbegin.o

.ARM.extab
 *(.ARM.extab* .gnu.linkonce.armextab.*)

.ARM            0x00001a58        0x0
                0x00001a58                __exidx_start = .
 *(.ARM.exidx*)
                0x00001a58                __exidx_end = .

.ctors          0x00001a58        0x0
                0x00001a58                __CTOR_LIST__ = .
 *crtbegin.o(.ctors)
 *(EXCLUDE_FILE(*crtend.o) .ctors)
 *(SORT(.ctors.*))
 *(.ctors)
                0x00001a58                __CTOR_END__ = .

.dtors          0x00001a58        0x0
                0x00001a58                __DTOR_LIST__ = .
 *crtbegin.o(.dtors)
 *(EXCLUDE_FILE(*crtend.o) .dtors)
 *(SORT(.dtors.*))
 *(.dtors)
                0x00001a58                __DTOR_END__ = .

.preinit_array  0x00001a58        0x0
                0x00001a58                PROVIDE (__preinit_array_start, .)
 *(.preinit_array*)
                0x00001a58                PROVIDE (__preinit_array_end, .)

.init_array     0x00001a58        0x4
                0x00001a58                PROVIDE (__init_array_start, .)
 *(SORT(.init_array.*))
 *(.init_array*)
 .init_array    0x00001a58        0x4 c:/freescale/kds_2.0.0/toolchain/bin/../lib/gcc/arm-none-eabi/4.8.0/crtbegin.o
                0x00001a5c                PROVIDE (__init_array_end, .)

.fini_array     0x00001a5c        0x4
                0x00001a5c                PROVIDE (__fini_array_start, .)
 *(SORT(.fini_array.*))
 *(.fini_array*)
 .fini_array    0x00001a5c        0x4 c:/freescale/kds_2.0.0/toolchain/bin/../lib/gcc/arm-none-eabi/4.8.0/crtbegin.o
                0x00001a60                PROVIDE (__fini_array_end, .)
                0x00001a60                ___ROM_AT = .

.mtb            0x1ffff000        0x0
                0x1ffff000                . = ALIGN (0x8)
                0x1ffff000                _mtb_start = .
 *(.mtb_buf)
                0x1ffff000                . = ALIGN (0x8)
                0x1ffff000                _mtb_end = .

.data           0x1ffff000        0x0 load address 0x00001a60
                0x1ffff000                . = ALIGN (0x4)
                0x1ffff000                _sdata = .
 *(.data)
 *(.data*)
                0x1ffff000                . = ALIGN (0x4)
                0x1ffff000                _edata = .
                0x00000000                ___data_size = (_edata - _sdata)

.jcr            0x1ffff000        0x0
 .jcr           0x1ffff000        0x0 c:/freescale/kds_2.0.0/toolchain/bin/../lib/gcc/arm-none-eabi/4.8.0/crtbegin.o

.tm_clone_table
                0x1ffff000        0x0
 .tm_clone_table
                0x1ffff000        0x0 c:/freescale/kds_2.0.0/toolchain/bin/../lib/gcc/arm-none-eabi/4.8.0/crtbegin.o
 .tm_clone_table
                0x1ffff000        0x0 c:/freescale/kds_2.0.0/toolchain/bin/../lib/gcc/arm-none-eabi/4.8.0/crtend.o

.igot.plt       0x1ffff000        0x0
 .igot.plt      0x00000000        0x0 c:/freescale/kds_2.0.0/toolchain/bin/../lib/gcc/arm-none-eabi/4.8.0/crtbegin.o
                0x1ffff000                . = ALIGN (0x4)

.bss            0x1ffff000       0xc8
                0x1ffff000                __START_BSS = .
                0x1ffff000                PROVIDE (__bss_start__, __START_BSS)
 *(.bss)
 *(.bss*)
 .bss.completed.6137
                0x1ffff000        0x1 c:/freescale/kds_2.0.0/toolchain/bin/../lib/gcc/arm-none-eabi/4.8.0/crtbegin.o
 *fill*         0x1ffff001        0x3 
 .bss.object.6142
                0x1ffff004       0x18 c:/freescale/kds_2.0.0/toolchain/bin/../lib/gcc/arm-none-eabi/4.8.0/crtbegin.o
 .bss.xyz       0x1ffff01c        0x8 ./Sources/main.o
 .bss.argv      0x1ffff024       0x28 ./Project_Settings/Startup_Code/startup.o
 .bss.DeviceDataPrv__DEFAULT_RTOS_ALLOC
                0x1ffff04c        0x4 ./Generated_Code/BitIoLdd1.o
 .bss.DeviceDataPrv__DEFAULT_RTOS_ALLOC
                0x1ffff050        0x4 ./Generated_Code/BitIoLdd2.o
 .bss.DeviceDataPrv__DEFAULT_RTOS_ALLOC
                0x1ffff054        0x4 ./Generated_Code/BitIoLdd3.o
 .bss.SR_lock   0x1ffff058        0x1 ./Generated_Code/Cpu.o
                0x1ffff058                SR_lock
 *fill*         0x1ffff059        0x3 
 .bss.DeviceDataPrv__DEFAULT_RTOS_ALLOC
                0x1ffff05c       0x14 ./Generated_Code/I2C_ACCEL.o
 .bss.INT_I2C0__DEFAULT_RTOS_ISRPARAM
                0x1ffff070        0x4 ./Generated_Code/I2C_ACCEL.o
 .bss.PE_LDD_DeviceDataList
                0x1ffff074       0x18 ./Generated_Code/PE_LDD.o
                0x1ffff074                PE_LDD_DeviceDataList
 .bss.DeviceDataPrv__DEFAULT_RTOS_ALLOC
                0x1ffff08c        0x4 ./Generated_Code/TU1.o
 .bss.INT_LPTimer__DEFAULT_RTOS_ISRPARAM
                0x1ffff090        0x4 ./Generated_Code/TU1.o
 .bss.DeviceDataPrv__DEFAULT_RTOS_ALLOC
                0x1ffff094       0x18 ./Generated_Code/USB_COMMUNICATION.o
 .bss.INT_UART0__DEFAULT_RTOS_ISRPARAM
                0x1ffff0ac        0x4 ./Generated_Code/USB_COMMUNICATION.o
 *(COMMON)
 COMMON         0x1ffff0b0       0x14 ./Sources/main.o
                0x1ffff0b0                umsegundo
                0x1ffff0b4                usbrecebido
                0x1ffff0b8                transmitido
                0x1ffff0bc                usbtransmitido
                0x1ffff0c0                recebido
 COMMON         0x1ffff0c4        0x1 ./Generated_Code/Cpu.o
                0x1ffff0c4                SR_reg
                0x1ffff0c8                . = ALIGN (0x4)
 *fill*         0x1ffff0c5        0x3 
                0x1ffff0c8                __END_BSS = .
                0x1ffff0c8                PROVIDE (__bss_end__, __END_BSS)
                0x00001a60                _romp_at = (___ROM_AT + SIZEOF (.data))

.romp           0x1ffff0c8       0x18 load address 0x00001a60
                0x00001a60                __S_romp = _romp_at
                0x1ffff0c8        0x4 LONG 0x1a60 ___ROM_AT
                0x1ffff0cc        0x4 LONG 0x1ffff000 _sdata
                0x1ffff0d0        0x4 LONG 0x0 ___data_size
                0x1ffff0d4        0x4 LONG 0x0
                0x1ffff0d8        0x4 LONG 0x0
                0x1ffff0dc        0x4 LONG 0x0

._user_heap_stack
                0x1ffff0e0      0x400 load address 0x00001a78
                0x1ffff0e0                . = ALIGN (0x4)
                0x1ffff0e0                PROVIDE (end, .)
                0x1ffff0e0                PROVIDE (_end, .)
                0x1ffff0e0                __heap_addr = .
                0x1ffff0e0                __HeapBase = .
                0x1ffff0e0                . = (. + __heap_size)
                0x1ffff0e0                __HeapLimit = .
                0x1ffff4e0                . = (. + __stack_size)
 *fill*         0x1ffff0e0      0x400 
                0x1ffff4e0                . = ALIGN (0x4)

.ARM.attributes
                0x00000000       0x2f
 *(.ARM.attributes)
 .ARM.attributes
                0x00000000       0x23 c:/freescale/kds_2.0.0/toolchain/bin/../lib/gcc/arm-none-eabi/4.8.0/crti.o
 .ARM.attributes
                0x00000023       0x31 c:/freescale/kds_2.0.0/toolchain/bin/../lib/gcc/arm-none-eabi/4.8.0/crtbegin.o
 .ARM.attributes
                0x00000054       0x32 ./Sources/Events.o
 .ARM.attributes
                0x00000086       0x32 ./Sources/main.o
 .ARM.attributes
                0x000000b8       0x32 ./Project_Settings/Startup_Code/startup.o
 .ARM.attributes
                0x000000ea       0x32 ./Generated_Code/BitIoLdd1.o
 .ARM.attributes
                0x0000011c       0x32 ./Generated_Code/BitIoLdd2.o
 .ARM.attributes
                0x0000014e       0x32 ./Generated_Code/BitIoLdd3.o
 .ARM.attributes
                0x00000180       0x32 ./Generated_Code/Cpu.o
 .ARM.attributes
                0x000001b2       0x32 ./Generated_Code/I2C_ACCEL.o
 .ARM.attributes
                0x000001e4       0x32 ./Generated_Code/PE_LDD.o
 .ARM.attributes
                0x00000216       0x32 ./Generated_Code/TU1.o
 .ARM.attributes
                0x00000248       0x32 ./Generated_Code/USB_COMMUNICATION.o
 .ARM.attributes
                0x0000027a       0x32 ./Generated_Code/Vectors.o
 .ARM.attributes
                0x000002ac       0x31 c:/freescale/kds_2.0.0/toolchain/bin/../lib/gcc/arm-none-eabi/4.8.0/crtend.o
 .ARM.attributes
                0x000002dd       0x23 c:/freescale/kds_2.0.0/toolchain/bin/../lib/gcc/arm-none-eabi/4.8.0/crtn.o
OUTPUT(Vibration Monitor.elf elf32-littlearm)

.comment        0x00000000       0x2a
 .comment       0x00000000       0x2a c:/freescale/kds_2.0.0/toolchain/bin/../lib/gcc/arm-none-eabi/4.8.0/crtbegin.o
                                 0x2b (size before relaxing)
 .comment       0x00000000       0x2b ./Sources/Events.o
 .comment       0x00000000       0x2b ./Sources/main.o
 .comment       0x00000000       0x2b ./Project_Settings/Startup_Code/startup.o
 .comment       0x00000000       0x2b ./Generated_Code/BitIoLdd1.o
 .comment       0x00000000       0x2b ./Generated_Code/BitIoLdd2.o
 .comment       0x00000000       0x2b ./Generated_Code/BitIoLdd3.o
 .comment       0x00000000       0x2b ./Generated_Code/Cpu.o
 .comment       0x00000000       0x2b ./Generated_Code/I2C_ACCEL.o
 .comment       0x00000000       0x2b ./Generated_Code/PE_LDD.o
 .comment       0x00000000       0x2b ./Generated_Code/TU1.o
 .comment       0x00000000       0x2b ./Generated_Code/USB_COMMUNICATION.o
 .comment       0x00000000       0x2b ./Generated_Code/Vectors.o
 .comment       0x00000000       0x2b c:/freescale/kds_2.0.0/toolchain/bin/../lib/gcc/arm-none-eabi/4.8.0/crtend.o

.debug_info     0x00000000     0x2e53
 .debug_info    0x00000000      0x18e ./Sources/Events.o
 .debug_info    0x0000018e      0x252 ./Sources/main.o
 .debug_info    0x000003e0      0x308 ./Project_Settings/Startup_Code/startup.o
 .debug_info    0x000006e8      0x310 ./Generated_Code/BitIoLdd1.o
 .debug_info    0x000009f8      0x2ec ./Generated_Code/BitIoLdd2.o
 .debug_info    0x00000ce4      0x2ec ./Generated_Code/BitIoLdd3.o
 .debug_info    0x00000fd0      0x826 ./Generated_Code/Cpu.o
 .debug_info    0x000017f6      0x73a ./Generated_Code/I2C_ACCEL.o
 .debug_info    0x00001f30      0x23b ./Generated_Code/PE_LDD.o
 .debug_info    0x0000216b      0x48f ./Generated_Code/TU1.o
 .debug_info    0x000025fa      0x756 ./Generated_Code/USB_COMMUNICATION.o
 .debug_info    0x00002d50      0x103 ./Generated_Code/Vectors.o

.debug_abbrev   0x00000000      0xe57
 .debug_abbrev  0x00000000       0x93 ./Sources/Events.o
 .debug_abbrev  0x00000093      0x129 ./Sources/main.o
 .debug_abbrev  0x000001bc      0x148 ./Project_Settings/Startup_Code/startup.o
 .debug_abbrev  0x00000304      0x136 ./Generated_Code/BitIoLdd1.o
 .debug_abbrev  0x0000043a      0x136 ./Generated_Code/BitIoLdd2.o
 .debug_abbrev  0x00000570      0x136 ./Generated_Code/BitIoLdd3.o
 .debug_abbrev  0x000006a6      0x160 ./Generated_Code/Cpu.o
 .debug_abbrev  0x00000806      0x18b ./Generated_Code/I2C_ACCEL.o
 .debug_abbrev  0x00000991      0x10d ./Generated_Code/PE_LDD.o
 .debug_abbrev  0x00000a9e      0x15d ./Generated_Code/TU1.o
 .debug_abbrev  0x00000bfb      0x1b8 ./Generated_Code/USB_COMMUNICATION.o
 .debug_abbrev  0x00000db3       0xa4 ./Generated_Code/Vectors.o

.debug_aranges  0x00000000      0x280
 .debug_aranges
                0x00000000       0x48 ./Sources/Events.o
 .debug_aranges
                0x00000048       0x30 ./Sources/main.o
 .debug_aranges
                0x00000078       0x60 ./Project_Settings/Startup_Code/startup.o
 .debug_aranges
                0x000000d8       0x30 ./Generated_Code/BitIoLdd1.o
 .debug_aranges
                0x00000108       0x28 ./Generated_Code/BitIoLdd2.o
 .debug_aranges
                0x00000130       0x28 ./Generated_Code/BitIoLdd3.o
 .debug_aranges
                0x00000158       0x38 ./Generated_Code/Cpu.o
 .debug_aranges
                0x00000190       0x38 ./Generated_Code/I2C_ACCEL.o
 .debug_aranges
                0x000001c8       0x30 ./Generated_Code/PE_LDD.o
 .debug_aranges
                0x000001f8       0x28 ./Generated_Code/TU1.o
 .debug_aranges
                0x00000220       0x48 ./Generated_Code/USB_COMMUNICATION.o
 .debug_aranges
                0x00000268       0x18 ./Generated_Code/Vectors.o

.debug_ranges   0x00000000      0x1b8
 .debug_ranges  0x00000000       0x38 ./Sources/Events.o
 .debug_ranges  0x00000038       0x20 ./Sources/main.o
 .debug_ranges  0x00000058       0x50 ./Project_Settings/Startup_Code/startup.o
 .debug_ranges  0x000000a8       0x20 ./Generated_Code/BitIoLdd1.o
 .debug_ranges  0x000000c8       0x18 ./Generated_Code/BitIoLdd2.o
 .debug_ranges  0x000000e0       0x18 ./Generated_Code/BitIoLdd3.o
 .debug_ranges  0x000000f8       0x28 ./Generated_Code/Cpu.o
 .debug_ranges  0x00000120       0x28 ./Generated_Code/I2C_ACCEL.o
 .debug_ranges  0x00000148       0x20 ./Generated_Code/PE_LDD.o
 .debug_ranges  0x00000168       0x18 ./Generated_Code/TU1.o
 .debug_ranges  0x00000180       0x38 ./Generated_Code/USB_COMMUNICATION.o

.debug_macro    0x00000000    0x10ef3
 .debug_macro   0x00000000      0x123 ./Sources/Events.o
 .debug_macro   0x00000123      0x802 ./Sources/Events.o
 .debug_macro   0x00000925      0x214 ./Sources/Events.o
 .debug_macro   0x00000b39     0x1592 ./Sources/Events.o
 .debug_macro   0x000020cb      0x14e ./Sources/Events.o
 .debug_macro   0x00002219       0x64 ./Sources/Events.o
 .debug_macro   0x0000227d     0x5f60 ./Sources/Events.o
 .debug_macro   0x000081dd       0x94 ./Sources/Events.o
 .debug_macro   0x00008271       0x94 ./Sources/Events.o
 .debug_macro   0x00008305      0x12b ./Sources/Events.o
 .debug_macro   0x00008430       0x34 ./Sources/Events.o
 .debug_macro   0x00008464       0x11 ./Sources/Events.o
 .debug_macro   0x00008475       0x34 ./Sources/Events.o
 .debug_macro   0x000084a9       0x34 ./Sources/Events.o
 .debug_macro   0x000084dd       0x3c ./Sources/Events.o
 .debug_macro   0x00008519       0x57 ./Sources/Events.o
 .debug_macro   0x00008570      0x25a ./Sources/Events.o
 .debug_macro   0x000087ca       0x50 ./Sources/Events.o
 .debug_macro   0x0000881a      0x1fb ./Sources/main.o
 .debug_macro   0x00008a15       0x2e ./Sources/main.o
 .debug_macro   0x00008a43       0x2e ./Sources/main.o
 .debug_macro   0x00008a71       0x95 ./Sources/main.o
 .debug_macro   0x00008b06       0x10 ./Sources/main.o
 .debug_macro   0x00008b16       0x89 ./Sources/main.o
 .debug_macro   0x00008b9f       0x10 ./Sources/main.o
 .debug_macro   0x00008baf       0x3a ./Sources/main.o
 .debug_macro   0x00008be9       0x52 ./Sources/main.o
 .debug_macro   0x00008c3b       0x19 ./Sources/main.o
 .debug_macro   0x00008c54      0x16d ./Sources/main.o
 .debug_macro   0x00008dc1       0x10 ./Sources/main.o
 .debug_macro   0x00008dd1       0xef ./Sources/main.o
 .debug_macro   0x00008ec0       0x22 ./Sources/main.o
 .debug_macro   0x00008ee2       0x91 ./Sources/main.o
 .debug_macro   0x00008f73       0x16 ./Sources/main.o
 .debug_macro   0x00008f89      0x14a ./Sources/main.o
 .debug_macro   0x000090d3      0x119 ./Project_Settings/Startup_Code/startup.o
 .debug_macro   0x000091ec       0x10 ./Project_Settings/Startup_Code/startup.o
 .debug_macro   0x000091fc       0x89 ./Project_Settings/Startup_Code/startup.o
 .debug_macro   0x00009285       0x1c ./Project_Settings/Startup_Code/startup.o
 .debug_macro   0x000092a1       0x10 ./Project_Settings/Startup_Code/startup.o
 .debug_macro   0x000092b1     0x5f54 ./Project_Settings/Startup_Code/startup.o
 .debug_macro   0x0000f205       0x88 ./Generated_Code/BitIoLdd1.o
 .debug_macro   0x0000f28d       0x9a ./Generated_Code/BitIoLdd1.o
 .debug_macro   0x0000f327       0x88 ./Generated_Code/BitIoLdd2.o
 .debug_macro   0x0000f3af       0x2e ./Generated_Code/BitIoLdd2.o
 .debug_macro   0x0000f3dd       0x88 ./Generated_Code/BitIoLdd3.o
 .debug_macro   0x0000f465       0x2e ./Generated_Code/BitIoLdd3.o
 .debug_macro   0x0000f493      0x131 ./Generated_Code/Cpu.o
 .debug_macro   0x0000f5c4      0x146 ./Generated_Code/I2C_ACCEL.o
 .debug_macro   0x0000f70a      0x4e9 ./Generated_Code/I2C_ACCEL.o
 .debug_macro   0x0000fbf3      0x290 ./Generated_Code/I2C_ACCEL.o
 .debug_macro   0x0000fe83       0xfd ./Generated_Code/PE_LDD.o
 .debug_macro   0x0000ff80      0x127 ./Generated_Code/TU1.o
 .debug_macro   0x000100a7      0x156 ./Generated_Code/USB_COMMUNICATION.o
 .debug_macro   0x000101fd       0x51 ./Generated_Code/USB_COMMUNICATION.o
 .debug_macro   0x0001024e      0x322 ./Generated_Code/USB_COMMUNICATION.o
 .debug_macro   0x00010570      0x84c ./Generated_Code/USB_COMMUNICATION.o
 .debug_macro   0x00010dbc      0x137 ./Generated_Code/Vectors.o

.debug_line     0x00000000     0x26ae
 .debug_line    0x00000000      0x2fd ./Sources/Events.o
 .debug_line    0x000002fd      0x490 ./Sources/main.o
 .debug_line    0x0000078d      0x3c8 ./Project_Settings/Startup_Code/startup.o
 .debug_line    0x00000b55      0x20e ./Generated_Code/BitIoLdd1.o
 .debug_line    0x00000d63      0x1fc ./Generated_Code/BitIoLdd2.o
 .debug_line    0x00000f5f      0x1fc ./Generated_Code/BitIoLdd3.o
 .debug_line    0x0000115b      0x3fe ./Generated_Code/Cpu.o
 .debug_line    0x00001559      0x3fc ./Generated_Code/I2C_ACCEL.o
 .debug_line    0x00001955      0x2b2 ./Generated_Code/PE_LDD.o
 .debug_line    0x00001c07      0x308 ./Generated_Code/TU1.o
 .debug_line    0x00001f0f      0x414 ./Generated_Code/USB_COMMUNICATION.o
 .debug_line    0x00002323      0x38b ./Generated_Code/Vectors.o

.debug_str      0x00000000    0x3f562
 .debug_str     0x00000000    0x2c396 ./Sources/Events.o
                              0x2c787 (size before relaxing)
 .debug_str     0x0002c396     0x25a2 ./Sources/main.o
                              0x2ecde (size before relaxing)
 .debug_str     0x0002e938      0x20e ./Project_Settings/Startup_Code/startup.o
                              0x2476b (size before relaxing)
 .debug_str     0x0002eb46      0x12e ./Generated_Code/BitIoLdd1.o
                              0x2a8fb (size before relaxing)
 .debug_str     0x0002ec74       0x6d ./Generated_Code/BitIoLdd2.o
                              0x2a8c9 (size before relaxing)
 .debug_str     0x0002ece1       0x6d ./Generated_Code/BitIoLdd3.o
                              0x2a8c3 (size before relaxing)
 .debug_str     0x0002ed4e      0x2b5 ./Generated_Code/Cpu.o
                              0x2c98e (size before relaxing)
 .debug_str     0x0002f003     0x672c ./Generated_Code/I2C_ACCEL.o
                              0x32fca (size before relaxing)
 .debug_str     0x0003572f      0x17e ./Generated_Code/PE_LDD.o
                              0x2c842 (size before relaxing)
 .debug_str     0x000358ad       0xdb ./Generated_Code/TU1.o
                              0x2c8f2 (size before relaxing)
 .debug_str     0x00035988     0x9bbe ./Generated_Code/USB_COMMUNICATION.o
                              0x36482 (size before relaxing)
 .debug_str     0x0003f546       0x1c ./Generated_Code/Vectors.o
                              0x2c6df (size before relaxing)

.debug_frame    0x00000000      0x608
 .debug_frame   0x00000000       0xcc ./Sources/Events.o
 .debug_frame   0x000000cc       0x70 ./Sources/main.o
 .debug_frame   0x0000013c      0x120 ./Project_Settings/Startup_Code/startup.o
 .debug_frame   0x0000025c       0x70 ./Generated_Code/BitIoLdd1.o
 .debug_frame   0x000002cc       0x50 ./Generated_Code/BitIoLdd2.o
 .debug_frame   0x0000031c       0x50 ./Generated_Code/BitIoLdd3.o
 .debug_frame   0x0000036c       0x80 ./Generated_Code/Cpu.o
 .debug_frame   0x000003ec       0x90 ./Generated_Code/I2C_ACCEL.o
 .debug_frame   0x0000047c       0x6c ./Generated_Code/PE_LDD.o
 .debug_frame   0x000004e8       0x50 ./Generated_Code/TU1.o
 .debug_frame   0x00000538       0xd0 ./Generated_Code/USB_COMMUNICATION.o
